Archive member included to satisfy reference by file (symbol)

c:/st/stm32cubeide_1.5.1/stm32cubeide/plugins/com.st.stm32cube.ide.mcu.externaltools.gnu-tools-for-stm32.7-2018-q2-update.win32_1.5.0.202011040924/tools/bin/../lib/gcc/arm-none-eabi/7.3.1/../../../../arm-none-eabi/lib/thumb/v7e-m/fpv4-sp/hard\libc_nano.a(lib_a-errno.o)
                              Core/Src/syscalls.o (__errno)
c:/st/stm32cubeide_1.5.1/stm32cubeide/plugins/com.st.stm32cube.ide.mcu.externaltools.gnu-tools-for-stm32.7-2018-q2-update.win32_1.5.0.202011040924/tools/bin/../lib/gcc/arm-none-eabi/7.3.1/../../../../arm-none-eabi/lib/thumb/v7e-m/fpv4-sp/hard\libc_nano.a(lib_a-exit.o)
                              c:/st/stm32cubeide_1.5.1/stm32cubeide/plugins/com.st.stm32cube.ide.mcu.externaltools.gnu-tools-for-stm32.7-2018-q2-update.win32_1.5.0.202011040924/tools/bin/../lib/gcc/arm-none-eabi/7.3.1/../../../../arm-none-eabi/lib/thumb/v7e-m/fpv4-sp/hard/crt0.o (exit)
c:/st/stm32cubeide_1.5.1/stm32cubeide/plugins/com.st.stm32cube.ide.mcu.externaltools.gnu-tools-for-stm32.7-2018-q2-update.win32_1.5.0.202011040924/tools/bin/../lib/gcc/arm-none-eabi/7.3.1/../../../../arm-none-eabi/lib/thumb/v7e-m/fpv4-sp/hard\libc_nano.a(lib_a-impure.o)
                              c:/st/stm32cubeide_1.5.1/stm32cubeide/plugins/com.st.stm32cube.ide.mcu.externaltools.gnu-tools-for-stm32.7-2018-q2-update.win32_1.5.0.202011040924/tools/bin/../lib/gcc/arm-none-eabi/7.3.1/../../../../arm-none-eabi/lib/thumb/v7e-m/fpv4-sp/hard\libc_nano.a(lib_a-exit.o) (_global_impure_ptr)
c:/st/stm32cubeide_1.5.1/stm32cubeide/plugins/com.st.stm32cube.ide.mcu.externaltools.gnu-tools-for-stm32.7-2018-q2-update.win32_1.5.0.202011040924/tools/bin/../lib/gcc/arm-none-eabi/7.3.1/../../../../arm-none-eabi/lib/thumb/v7e-m/fpv4-sp/hard\libc_nano.a(lib_a-init.o)
                              c:/st/stm32cubeide_1.5.1/stm32cubeide/plugins/com.st.stm32cube.ide.mcu.externaltools.gnu-tools-for-stm32.7-2018-q2-update.win32_1.5.0.202011040924/tools/bin/../lib/gcc/arm-none-eabi/7.3.1/../../../../arm-none-eabi/lib/thumb/v7e-m/fpv4-sp/hard/crt0.o (__libc_init_array)
c:/st/stm32cubeide_1.5.1/stm32cubeide/plugins/com.st.stm32cube.ide.mcu.externaltools.gnu-tools-for-stm32.7-2018-q2-update.win32_1.5.0.202011040924/tools/bin/../lib/gcc/arm-none-eabi/7.3.1/../../../../arm-none-eabi/lib/thumb/v7e-m/fpv4-sp/hard\libc_nano.a(lib_a-memset.o)
                              c:/st/stm32cubeide_1.5.1/stm32cubeide/plugins/com.st.stm32cube.ide.mcu.externaltools.gnu-tools-for-stm32.7-2018-q2-update.win32_1.5.0.202011040924/tools/bin/../lib/gcc/arm-none-eabi/7.3.1/../../../../arm-none-eabi/lib/thumb/v7e-m/fpv4-sp/hard/crt0.o (memset)
c:/st/stm32cubeide_1.5.1/stm32cubeide/plugins/com.st.stm32cube.ide.mcu.externaltools.gnu-tools-for-stm32.7-2018-q2-update.win32_1.5.0.202011040924/tools/bin/../lib/gcc/arm-none-eabi/7.3.1/../../../../arm-none-eabi/lib/thumb/v7e-m/fpv4-sp/hard\libc_nano.a(lib_a-strlen.o)
                              Core/Src/wizchip_init.o (strlen)
c:/st/stm32cubeide_1.5.1/stm32cubeide/plugins/com.st.stm32cube.ide.mcu.externaltools.gnu-tools-for-stm32.7-2018-q2-update.win32_1.5.0.202011040924/tools/bin/../lib/gcc/arm-none-eabi/7.3.1/../../../../arm-none-eabi/lib/thumb/v7e-m/fpv4-sp/hard\libc_nano.a(lib_a-vsnprintf.o)
                              Core/Src/wizchip_init.o (vsnprintf)
c:/st/stm32cubeide_1.5.1/stm32cubeide/plugins/com.st.stm32cube.ide.mcu.externaltools.gnu-tools-for-stm32.7-2018-q2-update.win32_1.5.0.202011040924/tools/bin/../lib/gcc/arm-none-eabi/7.3.1/../../../../arm-none-eabi/lib/thumb/v7e-m/fpv4-sp/hard\libc_nano.a(lib_a-nano-svfprintf.o)
                              c:/st/stm32cubeide_1.5.1/stm32cubeide/plugins/com.st.stm32cube.ide.mcu.externaltools.gnu-tools-for-stm32.7-2018-q2-update.win32_1.5.0.202011040924/tools/bin/../lib/gcc/arm-none-eabi/7.3.1/../../../../arm-none-eabi/lib/thumb/v7e-m/fpv4-sp/hard\libc_nano.a(lib_a-vsnprintf.o) (_svfprintf_r)
c:/st/stm32cubeide_1.5.1/stm32cubeide/plugins/com.st.stm32cube.ide.mcu.externaltools.gnu-tools-for-stm32.7-2018-q2-update.win32_1.5.0.202011040924/tools/bin/../lib/gcc/arm-none-eabi/7.3.1/../../../../arm-none-eabi/lib/thumb/v7e-m/fpv4-sp/hard\libc_nano.a(lib_a-nano-vfprintf_i.o)
                              c:/st/stm32cubeide_1.5.1/stm32cubeide/plugins/com.st.stm32cube.ide.mcu.externaltools.gnu-tools-for-stm32.7-2018-q2-update.win32_1.5.0.202011040924/tools/bin/../lib/gcc/arm-none-eabi/7.3.1/../../../../arm-none-eabi/lib/thumb/v7e-m/fpv4-sp/hard\libc_nano.a(lib_a-nano-svfprintf.o) (_printf_i)
c:/st/stm32cubeide_1.5.1/stm32cubeide/plugins/com.st.stm32cube.ide.mcu.externaltools.gnu-tools-for-stm32.7-2018-q2-update.win32_1.5.0.202011040924/tools/bin/../lib/gcc/arm-none-eabi/7.3.1/../../../../arm-none-eabi/lib/thumb/v7e-m/fpv4-sp/hard\libc_nano.a(lib_a-memchr.o)
[...]
Memory Configuration

Name             Origin             Length             Attributes
CCMRAM           0x0000000010000000 0x0000000000010000 xrw
RAM              0x0000000020000000 0x0000000000020000 xrw
FLASH            0x0000000008000000 0x0000000000100000 xr
*default*        0x0000000000000000 0xffffffffffffffff

Linker script and memory map

LOAD c:/st/stm32cubeide_1.5.1/stm32cubeide/plugins/com.st.stm32cube.ide.mcu.externaltools.gnu-tools-for-stm32.7-2018-q2-update.win32_1.5.0.202011040924/tools/bin/../lib/gcc/arm-none-eabi/7.3.1/thumb/v7e-m/fpv4-sp/hard/crti.o
LOAD c:/st/stm32cubeide_1.5.1/stm32cubeide/plugins/com.st.stm32cube.ide.mcu.externaltools.gnu-tools-for-stm32.7-2018-q2-update.win32_1.5.0.202011040924/tools/bin/../lib/gcc/arm-none-eabi/7.3.1/thumb/v7e-m/fpv4-sp/hard/crtbegin.o
LOAD c:/st/stm32cubeide_1.5.1/stm32cubeide/plugins/com.st.stm32cube.ide.mcu.externaltools.gnu-tools-for-stm32.7-2018-q2-update.win32_1.5.0.202011040924/tools/bin/../lib/gcc/arm-none-eabi/7.3.1/../../../../arm-none-eabi/lib/thumb/v7e-m/fpv4-sp/hard/crt0.o
LOAD Core/Src/main.o
LOAD Core/Src/stm32f4xx_hal_msp.o
LOAD Core/Src/stm32f4xx_it.o
LOAD Core/Src/syscalls.o
LOAD Core/Src/sysmem.o
LOAD Core/Src/system_stm32f4xx.o
LOAD Core/Src/wizchip_init.o
LOAD Core/Startup/startup_stm32f405rgtx.o
LOAD Drivers/STM32F4xx_HAL_Driver/Src/stm32f4xx_hal.o
LOAD Drivers/STM32F4xx_HAL_Driver/Src/stm32f4xx_hal_cortex.o
LOAD Drivers/STM32F4xx_HAL_Driver/Src/stm32f4xx_hal_dma.o
LOAD Drivers/STM32F4xx_HAL_Driver/Src/stm32f4xx_hal_dma_ex.o
LOAD Drivers/STM32F4xx_HAL_Driver/Src/stm32f4xx_hal_exti.o
LOAD Drivers/STM32F4xx_HAL_Driver/Src/stm32f4xx_hal_flash.o
LOAD Drivers/STM32F4xx_HAL_Driver/Src/stm32f4xx_hal_flash_ex.o
LOAD Drivers/STM32F4xx_HAL_Driver/Src/stm32f4xx_hal_flash_ramfunc.o
LOAD Drivers/STM32F4xx_HAL_Driver/Src/stm32f4xx_hal_gpio.o
LOAD Drivers/STM32F4xx_HAL_Driver/Src/stm32f4xx_hal_pwr.o
LOAD Drivers/STM32F4xx_HAL_Driver/Src/stm32f4xx_hal_pwr_ex.o
LOAD Drivers/STM32F4xx_HAL_Driver/Src/stm32f4xx_hal_rcc.o
LOAD Drivers/STM32F4xx_HAL_Driver/Src/stm32f4xx_hal_rcc_ex.o
LOAD Drivers/STM32F4xx_HAL_Driver/Src/stm32f4xx_hal_spi.o
LOAD Drivers/STM32F4xx_HAL_Driver/Src/stm32f4xx_hal_tim.o
LOAD Drivers/STM32F4xx_HAL_Driver/Src/stm32f4xx_hal_tim_ex.o
LOAD Drivers/STM32F4xx_HAL_Driver/Src/stm32f4xx_hal_uart.o
LOAD Ethernet/W5500/w5500.o
LOAD Ethernet/socket.o
LOAD Ethernet/wizchip_conf.o
START GROUP
LOAD c:/st/stm32cubeide_1.5.1/stm32cubeide/plugins/com.st.stm32cube.ide.mcu.externaltools.gnu-tools-for-stm32.7-2018-q2-update.win32_1.5.0.202011040924/tools/bin/../lib/gcc/arm-none-eabi/7.3.1/../../../../arm-none-eabi/lib/thumb/v7e-m/fpv4-sp/hard\libc_nano.a
LOAD c:/st/stm32cubeide_1.5.1/stm32cubeide/plugins/com.st.stm32cube.ide.mcu.externaltools.gnu-tools-for-stm32.7-2018-q2-update.win32_1.5.0.202011040924/tools/bin/../lib/gcc/arm-none-eabi/7.3.1/../../../../arm-none-eabi/lib/thumb/v7e-m/fpv4-sp/hard\libm.a
END GROUP
START GROUP
LOAD c:/st/stm32cubeide_1.5.1/stm32cubeide/plugins/com.st.stm32cube.ide.mcu.externaltools.gnu-tools-for-stm32.7-2018-q2-update.win32_1.5.0.202011040924/tools/bin/../lib/gcc/arm-none-eabi/7.3.1/thumb/v7e-m/fpv4-sp/hard\libgcc.a
LOAD c:/st/stm32cubeide_1.5.1/stm32cubeide/plugins/com.st.stm32cube.ide.mcu.externaltools.gnu-tools-for-stm32.7-2018-q2-update.win32_1.5.0.202011040924/tools/bin/../lib/gcc/arm-none-eabi/7.3.1/../../../../arm-none-eabi/lib/thumb/v7e-m/fpv4-sp/hard\libc_nano.a
END GROUP
START GROUP
LOAD c:/st/stm32cubeide_1.5.1/stm32cubeide/plugins/com.st.stm32cube.ide.mcu.externaltools.gnu-tools-for-stm32.7-2018-q2-update.win32_1.5.0.202011040924/tools/bin/../lib/gcc/arm-none-eabi/7.3.1/thumb/v7e-m/fpv4-sp/hard\libgcc.a
LOAD c:/st/stm32cubeide_1.5.1/stm32cubeide/plugins/com.st.stm32cube.ide.mcu.externaltools.gnu-tools-for-stm32.7-2018-q2-update.win32_1.5.0.202011040924/tools/bin/../lib/gcc/arm-none-eabi/7.3.1/../../../../arm-none-eabi/lib/thumb/v7e-m/fpv4-sp/hard\libc_nano.a
LOAD c:/st/stm32cubeide_1.5.1/stm32cubeide/plugins/com.st.stm32cube.ide.mcu.externaltools.gnu-tools-for-stm32.7-2018-q2-update.win32_1.5.0.202011040924/tools/bin/../lib/gcc/arm-none-eabi/7.3.1/../../../../arm-none-eabi/lib/thumb/v7e-m/fpv4-sp/hard\libnosys.a
END GROUP
START GROUP
LOAD c:/st/stm32cubeide_1.5.1/stm32cubeide/plugins/com.st.stm32cube.ide.mcu.externaltools.gnu-tools-for-stm32.7-2018-q2-update.win32_1.5.0.202011040924/tools/bin/../lib/gcc/arm-none-eabi/7.3.1/thumb/v7e-m/fpv4-sp/hard\libgcc.a
LOAD c:/st/stm32cubeide_1.5.1/stm32cubeide/plugins/com.st.stm32cube.ide.mcu.externaltools.gnu-tools-for-stm32.7-2018-q2-update.win32_1.5.0.202011040924/tools/bin/../lib/gcc/arm-none-eabi/7.3.1/../../../../arm-none-eabi/lib/thumb/v7e-m/fpv4-sp/hard\libc_nano.a
LOAD c:/st/stm32cubeide_1.5.1/stm32cubeide/plugins/com.st.stm32cube.ide.mcu.externaltools.gnu-tools-for-stm32.7-2018-q2-update.win32_1.5.0.202011040924/tools/bin/../lib/gcc/arm-none-eabi/7.3.1/../../../../arm-none-eabi/lib/thumb/v7e-m/fpv4-sp/hard\libnosys.a
END GROUP
LOAD c:/st/stm32cubeide_1.5.1/stm32cubeide/plugins/com.st.stm32cube.ide.mcu.externaltools.gnu-tools-for-stm32.7-2018-q2-update.win32_1.5.0.202011040924/tools/bin/../lib/gcc/arm-none-eabi/7.3.1/thumb/v7e-m/fpv4-sp/hard/crtend.o
LOAD c:/st/stm32cubeide_1.5.1/stm32cubeide/plugins/com.st.stm32cube.ide.mcu.externaltools.gnu-tools-for-stm32.7-2018-q2-update.win32_1.5.0.202011040924/tools/bin/../lib/gcc/arm-none-eabi/7.3.1/thumb/v7e-m/fpv4-sp/hard/crtn.o
                0x0000000020020000                _estack = (ORIGIN (RAM) + LENGTH (RAM))
                0x0000000000000200                _Min_Heap_Size = 0x200
                0x0000000000000400                _Min_Stack_Size = 0x400

.isr_vector     0x0000000008000000      0x188
                0x0000000008000000                . = ALIGN (0x4)
 *(.isr_vector)
 .isr_vector    0x0000000008000000      0x188 Core/Startup/startup_stm32f405rgtx.o
                0x0000000008000000                g_pfnVectors
                0x0000000008000188                . = ALIGN (0x4)

.text           0x0000000008000190     0x6864
                0x0000000008000190                . = ALIGN (0x4)
 *(.text)
 .text          0x0000000008000190       0x40 c:/st/stm32cubeide_1.5.1/stm32cubeide/plugins/com.st.stm32cube.ide.mcu.externaltools.gnu-tools-for-stm32.7-2018-q2-update.win32_1.5.0.202011040924/tools/bin/../lib/gcc/arm-none-eabi/7.3.1/thumb/v7e-m/fpv4-sp/hard/crtbegin.o
 .text          0x00000000080001d0       0x10 c:/st/stm32cubeide_1.5.1/stm32cubeide/plugins/com.st.stm32cube.ide.mcu.externaltools.gnu-tools-for-stm32.7-2018-q2-update.win32_1.5.0.202011040924/tools/bin/../lib/gcc/arm-none-eabi/7.3.1/../../../../arm-none-eabi/lib/thumb/v7e-m/fpv4-sp/hard\libc_nano.a(lib_a-strlen.o)
                0x00000000080001d0                strlen
 .text          0x00000000080001e0       0xa0 c:/st/stm32cubeide_1.5.1/stm32cubeide/plugins/com.st.stm32cube.ide.mcu.externaltools.gnu-tools-for-stm32.7-2018-q2-update.win32_1.5.0.202011040924/tools/bin/../lib/gcc/arm-none-eabi/7.3.1/../../../../arm-none-eabi/lib/thumb/v7e-m/fpv4-sp/hard\libc_nano.a(lib_a-memchr.o)
                0x00000000080001e0                memchr
 .text          0x0000000008000280       0x30 c:/st/stm32cubeide_1.5.1/stm32cubeide/plugins/com.st.stm32cube.ide.mcu.externaltools.gnu-tools-for-stm32.7-2018-q2-update.win32_1.5.0.202011040924/tools/bin/../lib/gcc/arm-none-eabi/7.3.1/thumb/v7e-m/fpv4-sp/hard\libgcc.a(_aeabi_uldivmod.o)
                0x0000000008000280                __aeabi_uldivmod
 .text          0x00000000080002b0      0x2cc c:/st/stm32cubeide_1.5.1/stm32cubeide/plugins/com.st.stm32cube.ide.mcu.externaltools.gnu-tools-for-stm32.7-2018-q2-update.win32_1.5.0.202011040924/tools/bin/../lib/gcc/arm-none-eabi/7.3.1/thumb/v7e-m/fpv4-sp/hard\libgcc.a(_udivmoddi4.o)
                0x00000000080002b0                __udivmoddi4
 .text          0x000000000800057c        0x4 c:/st/stm32cubeide_1.5.1/stm32cubeide/plugins/com.st.stm32cube.ide.mcu.externaltools.gnu-tools-for-stm32.7-2018-q2-update.win32_1.5.0.202011040924/tools/bin/../lib/gcc/arm-none-eabi/7.3.1/thumb/v7e-m/fpv4-sp/hard\libgcc.a(_dvmd_tls.o)
                0x000000000800057c                __aeabi_idiv0
                0x000000000800057c                __aeabi_ldiv0
 *(.text*)
 .text.main     0x0000000008000580       0x4c Core/Src/main.o
                0x0000000008000580                main
 .text.SystemClock_Config
                0x00000000080005cc       0xd4 Core/Src/main.o
                0x00000000080005cc                SystemClock_Config
 .text.MX_SPI3_Init
                0x00000000080006a0       0x6c Core/Src/main.o
 .text.MX_TIM2_Init
                0x000000000800070c       0x98 Core/Src/main.o
 .text.MX_TIM3_Init
                0x00000000080007a4       0x9c Core/Src/main.o
 .text.MX_TIM4_Init
                0x0000000008000840       0x9c Core/Src/main.o
 .text.MX_TIM9_Init
                0x00000000080008dc       0x74 Core/Src/main.o
 .text.MX_TIM12_Init
                0x0000000008000950       0x74 Core/Src/main.o
 .text.MX_USART1_UART_Init
                0x00000000080009c4       0x54 Core/Src/main.o
 .text.MX_GPIO_Init
                0x0000000008000a18      0x130 Core/Src/main.o
 .text.GPIO_Init
                0x0000000008000b48      0x23c Core/Src/main.o
 .text.Error_Handler
                0x0000000008000d84        0xe Core/Src/main.o
                0x0000000008000d84                Error_Handler
 *fill*         0x0000000008000d92        0x2 
 .text.HAL_MspInit
                0x0000000008000d94       0x50 Core/Src/stm32f4xx_hal_msp.o
                0x0000000008000d94                HAL_MspInit
 .text.HAL_SPI_MspInit
                0x0000000008000de4       0x90 Core/Src/stm32f4xx_hal_msp.o
                0x0000000008000de4                HAL_SPI_MspInit
 .text.HAL_TIM_Base_MspInit
                0x0000000008000e74      0x13c Core/Src/stm32f4xx_hal_msp.o
                0x0000000008000e74                HAL_TIM_Base_MspInit
 .text.HAL_UART_MspInit
                0x0000000008000fb0       0x90 Core/Src/stm32f4xx_hal_msp.o
                0x0000000008000fb0                HAL_UART_MspInit
 .text.NMI_Handler
                0x0000000008001040        0xe Core/Src/stm32f4xx_it.o
                0x0000000008001040                NMI_Handler
 .text.HardFault_Handler
                0x000000000800104e        0x6 Core/Src/stm32f4xx_it.o
                0x000000000800104e                HardFault_Handler
 .text.MemManage_Handler
                0x0000000008001054        0x6 Core/Src/stm32f4xx_it.o
                0x0000000008001054                MemManage_Handler
 .text.BusFault_Handler
                0x000000000800105a        0x6 Core/Src/stm32f4xx_it.o
                0x000000000800105a                BusFault_Handler
 .text.UsageFault_Handler
                0x0000000008001060        0x6 Core/Src/stm32f4xx_it.o
                0x0000000008001060                UsageFault_Handler
 .text.SVC_Handler
                0x0000000008001066        0xe Core/Src/stm32f4xx_it.o
                0x0000000008001066                SVC_Handler
 .text.DebugMon_Handler
                0x0000000008001074        0xe Core/Src/stm32f4xx_it.o
                0x0000000008001074                DebugMon_Handler
 .text.PendSV_Handler
                0x0000000008001082        0xe Core/Src/stm32f4xx_it.o
                0x0000000008001082                PendSV_Handler
 .text.SysTick_Handler
                0x0000000008001090        0xc Core/Src/stm32f4xx_it.o
                0x0000000008001090                SysTick_Handler
 .text.TIM1_BRK_TIM9_IRQHandler
                0x000000000800109c       0x2c Core/Src/stm32f4xx_it.o
                0x000000000800109c                TIM1_BRK_TIM9_IRQHandler
 .text.TIM2_IRQHandler
                0x00000000080010c8       0x14 Core/Src/stm32f4xx_it.o
                0x00000000080010c8                TIM2_IRQHandler
 .text.TIM3_IRQHandler
                0x00000000080010dc       0x14 Core/Src/stm32f4xx_it.o
                0x00000000080010dc                TIM3_IRQHandler
 .text.TIM4_IRQHandler
                0x00000000080010f0       0x14 Core/Src/stm32f4xx_it.o
                0x00000000080010f0                TIM4_IRQHandler
 .text.TIM8_BRK_TIM12_IRQHandler
                0x0000000008001104       0x2c Core/Src/stm32f4xx_it.o
                0x0000000008001104                TIM8_BRK_TIM12_IRQHandler
 .text.EXTI0_IRQHandler
                0x0000000008001130        0xe Core/Src/stm32f4xx_it.o
                0x0000000008001130                EXTI0_IRQHandler
 .text.EXTI1_IRQHandler
                0x000000000800113e        0xe Core/Src/stm32f4xx_it.o
                0x000000000800113e                EXTI1_IRQHandler
 .text.EXTI2_IRQHandler
                0x000000000800114c        0xe Core/Src/stm32f4xx_it.o
                0x000000000800114c                EXTI2_IRQHandler
 .text.EXTI3_IRQHandler
                0x000000000800115a        0xe Core/Src/stm32f4xx_it.o
                0x000000000800115a                EXTI3_IRQHandler
 .text.HAL_GPIO_EXTI_Callback
                0x0000000008001168      0x394 Core/Src/stm32f4xx_it.o
                0x0000000008001168                HAL_GPIO_EXTI_Callback
 .text.RefreshTIM
                0x00000000080014fc       0x2a Core/Src/stm32f4xx_it.o
                0x00000000080014fc                RefreshTIM
 *fill*         0x0000000008001526        0x2 
 .text.PhaseRelativelyA
                0x0000000008001528       0x70 Core/Src/stm32f4xx_it.o
                0x0000000008001528                PhaseRelativelyA
 .text._sbrk    0x0000000008001598       0x6c Core/Src/sysmem.o
                0x0000000008001598                _sbrk
 .text.SystemInit
                0x0000000008001604       0x2c Core/Src/system_stm32f4xx.o
                0x0000000008001604                SystemInit
 .text.WizchIP_main
                0x0000000008001630      0x12c Core/Src/wizchip_init.o
                0x0000000008001630                WizchIP_main
 .text.wizchip_select
                0x000000000800175c       0x24 Core/Src/wizchip_init.o
                0x000000000800175c                wizchip_select
 .text.wizchip_deselect
                0x0000000008001780       0x20 Core/Src/wizchip_init.o
                0x0000000008001780                wizchip_deselect
 .text.wizchip_write
                0x00000000080017a0       0x28 Core/Src/wizchip_init.o
                0x00000000080017a0                wizchip_write
 .text.wizchip_read
                0x00000000080017c8       0x24 Core/Src/wizchip_init.o
                0x00000000080017c8                wizchip_read
 .text.wizchip_read_burst
                0x00000000080017ec       0x28 Core/Src/wizchip_init.o
                0x00000000080017ec                wizchip_read_burst
 .text.wizchip_write_burst
                0x0000000008001814       0x28 Core/Src/wizchip_init.o
                0x0000000008001814                wizchip_write_burst
 .text.network_init
                0x000000000800183c       0x4c Core/Src/wizchip_init.o
                0x000000000800183c                network_init
 .text.loopback_tcps_server
                0x0000000008001888      0x1c4 Core/Src/wizchip_init.o
                0x0000000008001888                loopback_tcps_server
 .text.UART_Printf
                0x0000000008001a4c       0x58 Core/Src/wizchip_init.o
                0x0000000008001a4c                UART_Printf
 .text.Reset_Handler
                0x0000000008001aa4       0x50 Core/Startup/startup_stm32f405rgtx.o
                0x0000000008001aa4                Reset_Handler
 .text.Default_Handler
                0x0000000008001af4        0x2 Core/Startup/startup_stm32f405rgtx.o
                0x0000000008001af4                RTC_Alarm_IRQHandler
                0x0000000008001af4                HASH_RNG_IRQHandler
                0x0000000008001af4                TIM8_CC_IRQHandler
                0x0000000008001af4                TIM1_CC_IRQHandler
                0x0000000008001af4                DMA2_Stream5_IRQHandler
                0x0000000008001af4                DMA1_Stream5_IRQHandler
                0x0000000008001af4                PVD_IRQHandler
                0x0000000008001af4                SDIO_IRQHandler
                0x0000000008001af4                TAMP_STAMP_IRQHandler
                0x0000000008001af4                CAN2_RX1_IRQHandler
                0x0000000008001af4                TIM8_TRG_COM_TIM14_IRQHandler
                0x0000000008001af4                TIM1_UP_TIM10_IRQHandler
                0x0000000008001af4                TIM8_UP_TIM13_IRQHandler
                0x0000000008001af4                I2C3_ER_IRQHandler
                0x0000000008001af4                I2C2_EV_IRQHandler
                0x0000000008001af4                DMA1_Stream2_IRQHandler
                0x0000000008001af4                CAN1_RX0_IRQHandler
                0x0000000008001af4                FPU_IRQHandler
                0x0000000008001af4                OTG_HS_WKUP_IRQHandler
                0x0000000008001af4                CAN2_SCE_IRQHandler
                0x0000000008001af4                DMA2_Stream2_IRQHandler
                0x0000000008001af4                SPI1_IRQHandler
                0x0000000008001af4                TIM6_DAC_IRQHandler
                0x0000000008001af4                CAN2_RX0_IRQHandler
                0x0000000008001af4                DMA2_Stream3_IRQHandler
                0x0000000008001af4                USART6_IRQHandler
                0x0000000008001af4                USART3_IRQHandler
                0x0000000008001af4                CAN1_RX1_IRQHandler
                0x0000000008001af4                UART5_IRQHandler
                0x0000000008001af4                DMA2_Stream0_IRQHandler
                0x0000000008001af4                I2C1_EV_IRQHandler
                0x0000000008001af4                DMA1_Stream6_IRQHandler
                0x0000000008001af4                DMA1_Stream1_IRQHandler
                0x0000000008001af4                UART4_IRQHandler
                0x0000000008001af4                RCC_IRQHandler
                0x0000000008001af4                Default_Handler
                0x0000000008001af4                EXTI15_10_IRQHandler
                0x0000000008001af4                ADC_IRQHandler
                0x0000000008001af4                DMA1_Stream7_IRQHandler
                0x0000000008001af4                TIM7_IRQHandler
                0x0000000008001af4                CAN2_TX_IRQHandler
                0x0000000008001af4                TIM5_IRQHandler
                0x0000000008001af4                DMA2_Stream7_IRQHandler
                0x0000000008001af4                I2C3_EV_IRQHandler
                0x0000000008001af4                EXTI9_5_IRQHandler
                0x0000000008001af4                RTC_WKUP_IRQHandler
                0x0000000008001af4                SPI2_IRQHandler
                0x0000000008001af4                OTG_HS_EP1_IN_IRQHandler
                0x0000000008001af4                DMA1_Stream0_IRQHandler
                0x0000000008001af4                CAN1_TX_IRQHandler
                0x0000000008001af4                EXTI4_IRQHandler
                0x0000000008001af4                FSMC_IRQHandler
                0x0000000008001af4                OTG_HS_EP1_OUT_IRQHandler
                0x0000000008001af4                WWDG_IRQHandler
                0x0000000008001af4                OTG_FS_WKUP_IRQHandler
                0x0000000008001af4                TIM1_TRG_COM_TIM11_IRQHandler
                0x0000000008001af4                OTG_HS_IRQHandler
                0x0000000008001af4                USART2_IRQHandler
                0x0000000008001af4                I2C2_ER_IRQHandler
                0x0000000008001af4                DMA2_Stream1_IRQHandler
                0x0000000008001af4                CAN1_SCE_IRQHandler
                0x0000000008001af4                FLASH_IRQHandler
                0x0000000008001af4                DMA2_Stream4_IRQHandler
                0x0000000008001af4                USART1_IRQHandler
                0x0000000008001af4                OTG_FS_IRQHandler
                0x0000000008001af4                SPI3_IRQHandler
                0x0000000008001af4                DMA1_Stream4_IRQHandler
                0x0000000008001af4                I2C1_ER_IRQHandler
                0x0000000008001af4                DMA2_Stream6_IRQHandler
                0x0000000008001af4                DMA1_Stream3_IRQHandler
 *fill*         0x0000000008001af6        0x2 
 .text.HAL_Init
                0x0000000008001af8       0x44 Drivers/STM32F4xx_HAL_Driver/Src/stm32f4xx_hal.o
                0x0000000008001af8                HAL_Init
 .text.HAL_InitTick
                0x0000000008001b3c       0x60 Drivers/STM32F4xx_HAL_Driver/Src/stm32f4xx_hal.o
                0x0000000008001b3c                HAL_InitTick
 .text.HAL_IncTick
                0x0000000008001b9c       0x28 Drivers/STM32F4xx_HAL_Driver/Src/stm32f4xx_hal.o
                0x0000000008001b9c                HAL_IncTick
 .text.HAL_GetTick
                0x0000000008001bc4       0x18 Drivers/STM32F4xx_HAL_Driver/Src/stm32f4xx_hal.o
                0x0000000008001bc4                HAL_GetTick
 .text.__NVIC_SetPriorityGrouping
                0x0000000008001bdc       0x48 Drivers/STM32F4xx_HAL_Driver/Src/stm32f4xx_hal_cortex.o
 .text.__NVIC_GetPriorityGrouping
                0x0000000008001c24       0x1c Drivers/STM32F4xx_HAL_Driver/Src/stm32f4xx_hal_cortex.o
 .text.__NVIC_EnableIRQ
                0x0000000008001c40       0x3c Drivers/STM32F4xx_HAL_Driver/Src/stm32f4xx_hal_cortex.o
 .text.__NVIC_SetPriority
                0x0000000008001c7c       0x54 Drivers/STM32F4xx_HAL_Driver/Src/stm32f4xx_hal_cortex.o
 .text.NVIC_EncodePriority
                0x0000000008001cd0       0x66 Drivers/STM32F4xx_HAL_Driver/Src/stm32f4xx_hal_cortex.o
 *fill*         0x0000000008001d36        0x2 
 .text.SysTick_Config
                0x0000000008001d38       0x44 Drivers/STM32F4xx_HAL_Driver/Src/stm32f4xx_hal_cortex.o
 .text.HAL_NVIC_SetPriorityGrouping
                0x0000000008001d7c       0x16 Drivers/STM32F4xx_HAL_Driver/Src/stm32f4xx_hal_cortex.o
                0x0000000008001d7c                HAL_NVIC_SetPriorityGrouping
 .text.HAL_NVIC_SetPriority
                0x0000000008001d92       0x38 Drivers/STM32F4xx_HAL_Driver/Src/stm32f4xx_hal_cortex.o
                0x0000000008001d92                HAL_NVIC_SetPriority
 .text.HAL_NVIC_EnableIRQ
                0x0000000008001dca       0x1c Drivers/STM32F4xx_HAL_Driver/Src/stm32f4xx_hal_cortex.o
                0x0000000008001dca                HAL_NVIC_EnableIRQ
 .text.HAL_SYSTICK_Config
                0x0000000008001de6       0x18 Drivers/STM32F4xx_HAL_Driver/Src/stm32f4xx_hal_cortex.o
                0x0000000008001de6                HAL_SYSTICK_Config
 *fill*         0x0000000008001dfe        0x2 
 .text.HAL_GPIO_Init
                0x0000000008001e00      0x334 Drivers/STM32F4xx_HAL_Driver/Src/stm32f4xx_hal_gpio.o
                0x0000000008001e00                HAL_GPIO_Init
 .text.HAL_GPIO_DeInit
                0x0000000008002134      0x1f4 Drivers/STM32F4xx_HAL_Driver/Src/stm32f4xx_hal_gpio.o
                0x0000000008002134                HAL_GPIO_DeInit
 .text.HAL_GPIO_WritePin
                0x0000000008002328       0x32 Drivers/STM32F4xx_HAL_Driver/Src/stm32f4xx_hal_gpio.o
                0x0000000008002328                HAL_GPIO_WritePin
 *fill*         0x000000000800235a        0x2 
 .text.HAL_GPIO_EXTI_IRQHandler
                0x000000000800235c       0x30 Drivers/STM32F4xx_HAL_Driver/Src/stm32f4xx_hal_gpio.o
                0x000000000800235c                HAL_GPIO_EXTI_IRQHandler
 .text.HAL_RCC_OscConfig
                0x000000000800238c      0x4e0 Drivers/STM32F4xx_HAL_Driver/Src/stm32f4xx_hal_rcc.o
                0x000000000800238c                HAL_RCC_OscConfig
 .text.HAL_RCC_ClockConfig
                0x000000000800286c      0x1cc Drivers/STM32F4xx_HAL_Driver/Src/stm32f4xx_hal_rcc.o
                0x000000000800286c                HAL_RCC_ClockConfig
 .text.HAL_RCC_GetSysClockFreq
                0x0000000008002a38      0x1b0 Drivers/STM32F4xx_HAL_Driver/Src/stm32f4xx_hal_rcc.o
                0x0000000008002a38                HAL_RCC_GetSysClockFreq
 .text.HAL_RCC_GetHCLKFreq
                0x0000000008002be8       0x18 Drivers/STM32F4xx_HAL_Driver/Src/stm32f4xx_hal_rcc.o
                0x0000000008002be8                HAL_RCC_GetHCLKFreq
 .text.HAL_RCC_GetPCLK1Freq
                0x0000000008002c00       0x28 Drivers/STM32F4xx_HAL_Driver/Src/stm32f4xx_hal_rcc.o
                0x0000000008002c00                HAL_RCC_GetPCLK1Freq
 .text.HAL_RCC_GetPCLK2Freq
                0x0000000008002c28       0x28 Drivers/STM32F4xx_HAL_Driver/Src/stm32f4xx_hal_rcc.o
                0x0000000008002c28                HAL_RCC_GetPCLK2Freq
 .text.HAL_SPI_Init
                0x0000000008002c50       0xc8 Drivers/STM32F4xx_HAL_Driver/Src/stm32f4xx_hal_spi.o
                0x0000000008002c50                HAL_SPI_Init
 .text.HAL_SPI_Transmit
                0x0000000008002d18      0x268 Drivers/STM32F4xx_HAL_Driver/Src/stm32f4xx_hal_spi.o
                0x0000000008002d18                HAL_SPI_Transmit
 .text.HAL_SPI_Receive
                0x0000000008002f80      0x212 Drivers/STM32F4xx_HAL_Driver/Src/stm32f4xx_hal_spi.o
                0x0000000008002f80                HAL_SPI_Receive
 .text.HAL_SPI_TransmitReceive
                0x0000000008003192      0x344 Drivers/STM32F4xx_HAL_Driver/Src/stm32f4xx_hal_spi.o
                0x0000000008003192                HAL_SPI_TransmitReceive
 .text.SPI_WaitFlagStateUntilTimeout
                0x00000000080034d6       0xd4 Drivers/STM32F4xx_HAL_Driver/Src/stm32f4xx_hal_spi.o
 .text.SPI_EndRxTransaction
                0x00000000080035aa       0xca Drivers/STM32F4xx_HAL_Driver/Src/stm32f4xx_hal_spi.o
 .text.SPI_EndRxTxTransaction
                0x0000000008003674       0x84 Drivers/STM32F4xx_HAL_Driver/Src/stm32f4xx_hal_spi.o
 .text.HAL_TIM_Base_Init
                0x00000000080036f8       0x56 Drivers/STM32F4xx_HAL_Driver/Src/stm32f4xx_hal_tim.o
                0x00000000080036f8                HAL_TIM_Base_Init
 .text.HAL_TIM_Base_Start_IT
                0x000000000800374e       0x48 Drivers/STM32F4xx_HAL_Driver/Src/stm32f4xx_hal_tim.o
                0x000000000800374e                HAL_TIM_Base_Start_IT
 .text.HAL_TIM_Base_Stop_IT
                0x0000000008003796       0x56 Drivers/STM32F4xx_HAL_Driver/Src/stm32f4xx_hal_tim.o
                0x0000000008003796                HAL_TIM_Base_Stop_IT
 .text.HAL_TIM_IRQHandler
                0x00000000080037ec      0x210 Drivers/STM32F4xx_HAL_Driver/Src/stm32f4xx_hal_tim.o
                0x00000000080037ec                HAL_TIM_IRQHandler
 .text.HAL_TIM_ConfigClockSource
                0x00000000080039fc      0x16e Drivers/STM32F4xx_HAL_Driver/Src/stm32f4xx_hal_tim.o
                0x00000000080039fc                HAL_TIM_ConfigClockSource
 .text.HAL_TIM_PeriodElapsedCallback
                0x0000000008003b6a       0x14 Drivers/STM32F4xx_HAL_Driver/Src/stm32f4xx_hal_tim.o
                0x0000000008003b6a                HAL_TIM_PeriodElapsedCallback
 .text.HAL_TIM_OC_DelayElapsedCallback
                0x0000000008003b7e       0x14 Drivers/STM32F4xx_HAL_Driver/Src/stm32f4xx_hal_tim.o
                0x0000000008003b7e                HAL_TIM_OC_DelayElapsedCallback
 .text.HAL_TIM_IC_CaptureCallback
                0x0000000008003b92       0x14 Drivers/STM32F4xx_HAL_Driver/Src/stm32f4xx_hal_tim.o
                0x0000000008003b92                HAL_TIM_IC_CaptureCallback
 .text.HAL_TIM_PWM_PulseFinishedCallback
                0x0000000008003ba6       0x14 Drivers/STM32F4xx_HAL_Driver/Src/stm32f4xx_hal_tim.o
                0x0000000008003ba6                HAL_TIM_PWM_PulseFinishedCallback
 .text.HAL_TIM_TriggerCallback
                0x0000000008003bba       0x14 Drivers/STM32F4xx_HAL_Driver/Src/stm32f4xx_hal_tim.o
                0x0000000008003bba                HAL_TIM_TriggerCallback
 *fill*         0x0000000008003bce        0x2 
 .text.TIM_Base_SetConfig
                0x0000000008003bd0      0x140 Drivers/STM32F4xx_HAL_Driver/Src/stm32f4xx_hal_tim.o
                0x0000000008003bd0                TIM_Base_SetConfig
 .text.TIM_TI1_ConfigInputStage
                0x0000000008003d10       0x5e Drivers/STM32F4xx_HAL_Driver/Src/stm32f4xx_hal_tim.o
 .text.TIM_TI2_ConfigInputStage
                0x0000000008003d6e       0x60 Drivers/STM32F4xx_HAL_Driver/Src/stm32f4xx_hal_tim.o
 .text.TIM_ITRx_SetConfig
                0x0000000008003dce       0x36 Drivers/STM32F4xx_HAL_Driver/Src/stm32f4xx_hal_tim.o
 .text.TIM_ETR_SetConfig
                0x0000000008003e04       0x40 Drivers/STM32F4xx_HAL_Driver/Src/stm32f4xx_hal_tim.o
                0x0000000008003e04                TIM_ETR_SetConfig
 .text.HAL_TIMEx_MasterConfigSynchronization
                0x0000000008003e44       0xf8 Drivers/STM32F4xx_HAL_Driver/Src/stm32f4xx_hal_tim_ex.o
                0x0000000008003e44                HAL_TIMEx_MasterConfigSynchronization
 .text.HAL_TIMEx_CommutCallback
                0x0000000008003f3c       0x14 Drivers/STM32F4xx_HAL_Driver/Src/stm32f4xx_hal_tim_ex.o
                0x0000000008003f3c                HAL_TIMEx_CommutCallback
 .text.HAL_TIMEx_BreakCallback
                0x0000000008003f50       0x14 Drivers/STM32F4xx_HAL_Driver/Src/stm32f4xx_hal_tim_ex.o
                0x0000000008003f50                HAL_TIMEx_BreakCallback
 .text.HAL_UART_Init
                0x0000000008003f64       0x9a Drivers/STM32F4xx_HAL_Driver/Src/stm32f4xx_hal_uart.o
                0x0000000008003f64                HAL_UART_Init
 .text.HAL_UART_Transmit
                0x0000000008003ffe      0x132 Drivers/STM32F4xx_HAL_Driver/Src/stm32f4xx_hal_uart.o
                0x0000000008003ffe                HAL_UART_Transmit
 .text.UART_WaitOnFlagUntilTimeout
                0x0000000008004130       0x94 Drivers/STM32F4xx_HAL_Driver/Src/stm32f4xx_hal_uart.o
 .text.UART_SetConfig
                0x00000000080041c4      0x6f8 Drivers/STM32F4xx_HAL_Driver/Src/stm32f4xx_hal_uart.o
 .text.WIZCHIP_READ
                0x00000000080048bc       0x98 Ethernet/W5500/w5500.o
                0x00000000080048bc                WIZCHIP_READ
 .text.WIZCHIP_WRITE
                0x0000000008004954       0x9c Ethernet/W5500/w5500.o
                0x0000000008004954                WIZCHIP_WRITE
 .text.WIZCHIP_READ_BUF
                0x00000000080049f0       0xc0 Ethernet/W5500/w5500.o
                0x00000000080049f0                WIZCHIP_READ_BUF
 .text.WIZCHIP_WRITE_BUF
                0x0000000008004ab0       0xc0 Ethernet/W5500/w5500.o
                0x0000000008004ab0                WIZCHIP_WRITE_BUF
 .text.getSn_TX_FSR
                0x0000000008004b70       0x96 Ethernet/W5500/w5500.o
                0x0000000008004b70                getSn_TX_FSR
 .text.getSn_RX_RSR
                0x0000000008004c06       0x96 Ethernet/W5500/w5500.o
                0x0000000008004c06                getSn_RX_RSR
 .text.wiz_send_data
                0x0000000008004c9c       0xb8 Ethernet/W5500/w5500.o
                0x0000000008004c9c                wiz_send_data
 .text.wiz_recv_data
                0x0000000008004d54       0xb8 Ethernet/W5500/w5500.o
                0x0000000008004d54                wiz_recv_data
 .text.socket   0x0000000008004e0c      0x22c Ethernet/socket.o
                0x0000000008004e0c                socket
 .text.close    0x0000000008005038       0xdc Ethernet/socket.o
                0x0000000008005038                close
 .text.listen   0x0000000008005114       0xb2 Ethernet/socket.o
                0x0000000008005114                listen
 *fill*         0x00000000080051c6        0x2 
 .text.disconnect
                0x00000000080051c8       0xec Ethernet/socket.o
                0x00000000080051c8                disconnect
 .text.send     0x00000000080052b4      0x1f4 Ethernet/socket.o
                0x00000000080052b4                send
 .text.recv     0x00000000080054a8      0x16c Ethernet/socket.o
                0x00000000080054a8                recv
 .text.wizchip_cris_enter
                0x0000000008005614        0xe Ethernet/wizchip_conf.o
                0x0000000008005614                wizchip_cris_enter
 .text.wizchip_cris_exit
                0x0000000008005622        0xe Ethernet/wizchip_conf.o
                0x0000000008005622                wizchip_cris_exit
 .text.wizchip_cs_select
                0x0000000008005630        0xe Ethernet/wizchip_conf.o
                0x0000000008005630                wizchip_cs_select
 .text.wizchip_cs_deselect
                0x000000000800563e        0xe Ethernet/wizchip_conf.o
                0x000000000800563e                wizchip_cs_deselect
 .text.wizchip_bus_readdata
                0x000000000800564c       0x1a Ethernet/wizchip_conf.o
                0x000000000800564c                wizchip_bus_readdata
 .text.wizchip_bus_writedata
                0x0000000008005666       0x1e Ethernet/wizchip_conf.o
                0x0000000008005666                wizchip_bus_writedata
 .text.wizchip_spi_readbyte
                0x0000000008005684       0x10 Ethernet/wizchip_conf.o
                0x0000000008005684                wizchip_spi_readbyte
 .text.wizchip_spi_writebyte
                0x0000000008005694       0x16 Ethernet/wizchip_conf.o
                0x0000000008005694                wizchip_spi_writebyte
 .text.wizchip_spi_readburst
                0x00000000080056aa       0x18 Ethernet/wizchip_conf.o
                0x00000000080056aa                wizchip_spi_readburst
 .text.wizchip_spi_writeburst
                0x00000000080056c2       0x18 Ethernet/wizchip_conf.o
                0x00000000080056c2                wizchip_spi_writeburst
 *fill*         0x00000000080056da        0x2 
 .text.reg_wizchip_cris_cbfunc
                0x00000000080056dc       0x48 Ethernet/wizchip_conf.o
                0x00000000080056dc                reg_wizchip_cris_cbfunc
 .text.reg_wizchip_cs_cbfunc
                0x0000000008005724       0x48 Ethernet/wizchip_conf.o
                0x0000000008005724                reg_wizchip_cs_cbfunc
 .text.reg_wizchip_spi_cbfunc
                0x000000000800576c       0x58 Ethernet/wizchip_conf.o
                0x000000000800576c                reg_wizchip_spi_cbfunc
 .text.reg_wizchip_spiburst_cbfunc
                0x00000000080057c4       0x58 Ethernet/wizchip_conf.o
                0x00000000080057c4                reg_wizchip_spiburst_cbfunc
 .text.ctlwizchip
                0x000000000800581c      0x1bc Ethernet/wizchip_conf.o
                0x000000000800581c                ctlwizchip
 .text.ctlnetwork
                0x00000000080059d8       0x7c Ethernet/wizchip_conf.o
                0x00000000080059d8                ctlnetwork
 .text.wizchip_sw_reset
                0x0000000008005a54       0x98 Ethernet/wizchip_conf.o
                0x0000000008005a54                wizchip_sw_reset
 .text.wizchip_init
                0x0000000008005aec      0x118 Ethernet/wizchip_conf.o
                0x0000000008005aec                wizchip_init
 .text.wizchip_clrinterrupt
                0x0000000008005c04       0x3c Ethernet/wizchip_conf.o
                0x0000000008005c04                wizchip_clrinterrupt
 .text.wizchip_getinterrupt
                0x0000000008005c40       0x4a Ethernet/wizchip_conf.o
                0x0000000008005c40                wizchip_getinterrupt
 .text.wizchip_setinterruptmask
                0x0000000008005c8a       0x36 Ethernet/wizchip_conf.o
                0x0000000008005c8a                wizchip_setinterruptmask
 .text.wizchip_getinterruptmask
                0x0000000008005cc0       0x46 Ethernet/wizchip_conf.o
                0x0000000008005cc0                wizchip_getinterruptmask
 .text.wizphy_getphylink
                0x0000000008005d06       0x2c Ethernet/wizchip_conf.o
                0x0000000008005d06                wizphy_getphylink
 .text.wizphy_getphypmode
                0x0000000008005d32       0x32 Ethernet/wizchip_conf.o
                0x0000000008005d32                wizphy_getphypmode
 .text.wizphy_reset
                0x0000000008005d64       0x4e Ethernet/wizchip_conf.o
                0x0000000008005d64                wizphy_reset
 .text.wizphy_setphyconf
                0x0000000008005db2       0x84 Ethernet/wizchip_conf.o
                0x0000000008005db2                wizphy_setphyconf
 .text.wizphy_getphyconf
                0x0000000008005e36       0x92 Ethernet/wizchip_conf.o
                0x0000000008005e36                wizphy_getphyconf
 .text.wizphy_setphypmode
                0x0000000008005ec8       0x94 Ethernet/wizchip_conf.o
                0x0000000008005ec8                wizphy_setphypmode
 .text.wizchip_setnetinfo
                0x0000000008005f5c       0x80 Ethernet/wizchip_conf.o
                0x0000000008005f5c                wizchip_setnetinfo
 .text.wizchip_getnetinfo
                0x0000000008005fdc       0x80 Ethernet/wizchip_conf.o
                0x0000000008005fdc                wizchip_getnetinfo
 .text.wizchip_setnetmode
                0x000000000800605c       0x44 Ethernet/wizchip_conf.o
                0x000000000800605c                wizchip_setnetmode
 .text.wizchip_getnetmode
                0x00000000080060a0       0x10 Ethernet/wizchip_conf.o
                0x00000000080060a0                wizchip_getnetmode
 .text.wizchip_settimeout
                0x00000000080060b0       0x42 Ethernet/wizchip_conf.o
                0x00000000080060b0                wizchip_settimeout
 .text.wizchip_gettimeout
                0x00000000080060f2       0x44 Ethernet/wizchip_conf.o
                0x00000000080060f2                wizchip_gettimeout
 *fill*         0x0000000008006136        0x2 
 .text.__errno  0x0000000008006138        0xc c:/st/stm32cubeide_1.5.1/stm32cubeide/plugins/com.st.stm32cube.ide.mcu.externaltools.gnu-tools-for-stm32.7-2018-q2-update.win32_1.5.0.202011040924/tools/bin/../lib/gcc/arm-none-eabi/7.3.1/../../../../arm-none-eabi/lib/thumb/v7e-m/fpv4-sp/hard\libc_nano.a(lib_a-errno.o)
                0x0000000008006138                __errno
 .text.__libc_init_array
                0x0000000008006144       0x48 c:/st/stm32cubeide_1.5.1/stm32cubeide/plugins/com.st.stm32cube.ide.mcu.externaltools.gnu-tools-for-stm32.7-2018-q2-update.win32_1.5.0.202011040924/tools/bin/../lib/gcc/arm-none-eabi/7.3.1/../../../../arm-none-eabi/lib/thumb/v7e-m/fpv4-sp/hard\libc_nano.a(lib_a-init.o)
                0x0000000008006144                __libc_init_array
 .text.memset   0x000000000800618c       0x10 c:/st/stm32cubeide_1.5.1/stm32cubeide/plugins/com.st.stm32cube.ide.mcu.externaltools.gnu-tools-for-stm32.7-2018-q2-update.win32_1.5.0.202011040924/tools/bin/../lib/gcc/arm-none-eabi/7.3.1/../../../../arm-none-eabi/lib/thumb/v7e-m/fpv4-sp/hard\libc_nano.a(lib_a-memset.o)
                0x000000000800618c                memset
 .text._vsnprintf_r
                0x000000000800619c       0x58 c:/st/stm32cubeide_1.5.1/stm32cubeide/plugins/com.st.stm32cube.ide.mcu.externaltools.gnu-tools-for-stm32.7-2018-q2-update.win32_1.5.0.202011040924/tools/bin/../lib/gcc/arm-none-eabi/7.3.1/../../../../arm-none-eabi/lib/thumb/v7e-m/fpv4-sp/hard\libc_nano.a(lib_a-vsnprintf.o)
                0x000000000800619c                _vsniprintf_r
                0x000000000800619c                _vsnprintf_r
 .text.vsnprintf
                0x00000000080061f4       0x1c c:/st/stm32cubeide_1.5.1/stm32cubeide/plugins/com.st.stm32cube.ide.mcu.externaltools.gnu-tools-for-stm32.7-2018-q2-update.win32_1.5.0.202011040924/tools/bin/../lib/gcc/arm-none-eabi/7.3.1/../../../../arm-none-eabi/lib/thumb/v7e-m/fpv4-sp/hard\libc_nano.a(lib_a-vsnprintf.o)
                0x00000000080061f4                vsniprintf
                0x00000000080061f4                vsnprintf
 .text.__ssputs_r
                0x0000000008006210       0xb4 c:/st/stm32cubeide_1.5.1/stm32cubeide/plugins/com.st.stm32cube.ide.mcu.externaltools.gnu-tools-for-stm32.7-2018-q2-update.win32_1.5.0.202011040924/tools/bin/../lib/gcc/arm-none-eabi/7.3.1/../../../../arm-none-eabi/lib/thumb/v7e-m/fpv4-sp/hard\libc_nano.a(lib_a-nano-svfprintf.o)
                0x0000000008006210                __ssputs_r
 .text._svfprintf_r
                0x00000000080062c4      0x1f0 c:/st/stm32cubeide_1.5.1/stm32cubeide/plugins/com.st.stm32cube.ide.mcu.externaltools.gnu-tools-for-stm32.7-2018-q2-update.win32_1.5.0.202011040924/tools/bin/../lib/gcc/arm-none-eabi/7.3.1/../../../../arm-none-eabi/lib/thumb/v7e-m/fpv4-sp/hard\libc_nano.a(lib_a-nano-svfprintf.o)
                0x00000000080062c4                _svfiprintf_r
                0x00000000080062c4                _svfprintf_r
 .text._printf_common
                0x00000000080064b4       0xea c:/st/stm32cubeide_1.5.1/stm32cubeide/plugins/com.st.stm32cube.ide.mcu.externaltools.gnu-tools-for-stm32.7-2018-q2-update.win32_1.5.0.202011040924/tools/bin/../lib/gcc/arm-none-eabi/7.3.1/../../../../arm-none-eabi/lib/thumb/v7e-m/fpv4-sp/hard\libc_nano.a(lib_a-nano-vfprintf_i.o)
                0x00000000080064b4                _printf_common
 *fill*         0x000000000800659e        0x2 
 .text._printf_i
                0x00000000080065a0      0x224 c:/st/stm32cubeide_1.5.1/stm32cubeide/plugins/com.st.stm32cube.ide.mcu.externaltools.gnu-tools-for-stm32.7-2018-q2-update.win32_1.5.0.202011040924/tools/bin/../lib/gcc/arm-none-eabi/7.3.1/../../../../arm-none-eabi/lib/thumb/v7e-m/fpv4-sp/hard\libc_nano.a(lib_a-nano-vfprintf_i.o)
                0x00000000080065a0                _printf_i
 .text.memcpy   0x00000000080067c4       0x16 c:/st/stm32cubeide_1.5.1/stm32cubeide/plugins/com.st.stm32cube.ide.mcu.externaltools.gnu-tools-for-stm32.7-2018-q2-update.win32_1.5.0.202011040924/tools/bin/../lib/gcc/arm-none-eabi/7.3.1/../../../../arm-none-eabi/lib/thumb/v7e-m/fpv4-sp/hard\libc_nano.a(lib_a-memcpy-stub.o)
                0x00000000080067c4                memcpy
 .text.memmove  0x00000000080067da       0x32 c:/st/stm32cubeide_1.5.1/stm32cubeide/plugins/com.st.stm32cube.ide.mcu.externaltools.gnu-tools-for-stm32.7-2018-q2-update.win32_1.5.0.202011040924/tools/bin/../lib/gcc/arm-none-eabi/7.3.1/../../../../arm-none-eabi/lib/thumb/v7e-m/fpv4-sp/hard\libc_nano.a(lib_a-memmove.o)
                0x00000000080067da                memmove
 .text._free_r  0x000000000800680c       0x9c c:/st/stm32cubeide_1.5.1/stm32cubeide/plugins/com.st.stm32cube.ide.mcu.externaltools.gnu-tools-for-stm32.7-2018-q2-update.win32_1.5.0.202011040924/tools/bin/../lib/gcc/arm-none-eabi/7.3.1/../../../../arm-none-eabi/lib/thumb/v7e-m/fpv4-sp/hard\libc_nano.a(lib_a-nano-freer.o)
                0x000000000800680c                _free_r
 .text._malloc_r
                0x00000000080068a8       0xb4 c:/st/stm32cubeide_1.5.1/stm32cubeide/plugins/com.st.stm32cube.ide.mcu.externaltools.gnu-tools-for-stm32.7-2018-q2-update.win32_1.5.0.202011040924/tools/bin/../lib/gcc/arm-none-eabi/7.3.1/../../../../arm-none-eabi/lib/thumb/v7e-m/fpv4-sp/hard\libc_nano.a(lib_a-nano-mallocr.o)
                0x00000000080068a8                _malloc_r
 .text._realloc_r
                0x000000000800695c       0x4c c:/st/stm32cubeide_1.5.1/stm32cubeide/plugins/com.st.stm32cube.ide.mcu.externaltools.gnu-tools-for-stm32.7-2018-q2-update.win32_1.5.0.202011040924/tools/bin/../lib/gcc/arm-none-eabi/7.3.1/../../../../arm-none-eabi/lib/thumb/v7e-m/fpv4-sp/hard\libc_nano.a(lib_a-nano-reallocr.o)
                0x000000000800695c                _realloc_r
 .text._sbrk_r  0x00000000080069a8       0x20 c:/st/stm32cubeide_1.5.1/stm32cubeide/plugins/com.st.stm32cube.ide.mcu.externaltools.gnu-tools-for-stm32.7-2018-q2-update.win32_1.5.0.202011040924/tools/bin/../lib/gcc/arm-none-eabi/7.3.1/../../../../arm-none-eabi/lib/thumb/v7e-m/fpv4-sp/hard\libc_nano.a(lib_a-sbrkr.o)
                0x00000000080069a8                _sbrk_r
 .text.__malloc_lock
                0x00000000080069c8        0x2 c:/st/stm32cubeide_1.5.1/stm32cubeide/plugins/com.st.stm32cube.ide.mcu.externaltools.gnu-tools-for-stm32.7-2018-q2-update.win32_1.5.0.202011040924/tools/bin/../lib/gcc/arm-none-eabi/7.3.1/../../../../arm-none-eabi/lib/thumb/v7e-m/fpv4-sp/hard\libc_nano.a(lib_a-mlock.o)
                0x00000000080069c8                __malloc_lock
 .text.__malloc_unlock
                0x00000000080069ca        0x2 c:/st/stm32cubeide_1.5.1/stm32cubeide/plugins/com.st.stm32cube.ide.mcu.externaltools.gnu-tools-for-stm32.7-2018-q2-update.win32_1.5.0.202011040924/tools/bin/../lib/gcc/arm-none-eabi/7.3.1/../../../../arm-none-eabi/lib/thumb/v7e-m/fpv4-sp/hard\libc_nano.a(lib_a-mlock.o)
                0x00000000080069ca                __malloc_unlock
 .text._malloc_usable_size_r
                0x00000000080069cc       0x10 c:/st/stm32cubeide_1.5.1/stm32cubeide/plugins/com.st.stm32cube.ide.mcu.externaltools.gnu-tools-for-stm32.7-2018-q2-update.win32_1.5.0.202011040924/tools/bin/../lib/gcc/arm-none-eabi/7.3.1/../../../../arm-none-eabi/lib/thumb/v7e-m/fpv4-sp/hard\libc_nano.a(lib_a-nano-msizer.o)
                0x00000000080069cc                _malloc_usable_size_r
 *(.glue_7)
 .glue_7        0x00000000080069dc        0x0 linker stubs
 *(.glue_7t)
 .glue_7t       0x00000000080069dc        0x0 linker stubs
 *(.eh_frame)
 .eh_frame      0x00000000080069dc        0x0 c:/st/stm32cubeide_1.5.1/stm32cubeide/plugins/com.st.stm32cube.ide.mcu.externaltools.gnu-tools-for-stm32.7-2018-q2-update.win32_1.5.0.202011040924/tools/bin/../lib/gcc/arm-none-eabi/7.3.1/thumb/v7e-m/fpv4-sp/hard/crtbegin.o
 *(.init)
 .init          0x00000000080069dc        0x4 c:/st/stm32cubeide_1.5.1/stm32cubeide/plugins/com.st.stm32cube.ide.mcu.externaltools.gnu-tools-for-stm32.7-2018-q2-update.win32_1.5.0.202011040924/tools/bin/../lib/gcc/arm-none-eabi/7.3.1/thumb/v7e-m/fpv4-sp/hard/crti.o
                0x00000000080069dc                _init
 .init          0x00000000080069e0        0x8 c:/st/stm32cubeide_1.5.1/stm32cubeide/plugins/com.st.stm32cube.ide.mcu.externaltools.gnu-tools-for-stm32.7-2018-q2-update.win32_1.5.0.202011040924/tools/bin/../lib/gcc/arm-none-eabi/7.3.1/thumb/v7e-m/fpv4-sp/hard/crtn.o
 *(.fini)
 .fini          0x00000000080069e8        0x4 c:/st/stm32cubeide_1.5.1/stm32cubeide/plugins/com.st.stm32cube.ide.mcu.externaltools.gnu-tools-for-stm32.7-2018-q2-update.win32_1.5.0.202011040924/tools/bin/../lib/gcc/arm-none-eabi/7.3.1/thumb/v7e-m/fpv4-sp/hard/crti.o
                0x00000000080069e8                _fini
 .fini          0x00000000080069ec        0x8 c:/st/stm32cubeide_1.5.1/stm32cubeide/plugins/com.st.stm32cube.ide.mcu.externaltools.gnu-tools-for-stm32.7-2018-q2-update.win32_1.5.0.202011040924/tools/bin/../lib/gcc/arm-none-eabi/7.3.1/thumb/v7e-m/fpv4-sp/hard/crtn.o
                0x00000000080069f4                . = ALIGN (0x4)
                0x00000000080069f4                _etext = .

.vfp11_veneer   0x00000000080069f4        0x0
 .vfp11_veneer  0x00000000080069f4        0x0 linker stubs

.v4_bx          0x00000000080069f4        0x0
 .v4_bx         0x00000000080069f4        0x0 linker stubs

.iplt           0x00000000080069f4        0x0
 .iplt          0x00000000080069f4        0x0 c:/st/stm32cubeide_1.5.1/stm32cubeide/plugins/com.st.stm32cube.ide.mcu.externaltools.gnu-tools-for-stm32.7-2018-q2-update.win32_1.5.0.202011040924/tools/bin/../lib/gcc/arm-none-eabi/7.3.1/thumb/v7e-m/fpv4-sp/hard/crtbegin.o

.rodata         0x00000000080069f4       0x68
                0x00000000080069f4                . = ALIGN (0x4)
 *(.rodata)
 .rodata        0x00000000080069f4       0x1c Core/Src/wizchip_init.o
 *(.rodata*)
 .rodata.AHBPrescTable
                0x0000000008006a10       0x10 Core/Src/system_stm32f4xx.o
                0x0000000008006a10                AHBPrescTable
 .rodata.APBPrescTable
                0x0000000008006a20        0x8 Core/Src/system_stm32f4xx.o
                0x0000000008006a20                APBPrescTable
 .rodata._svfprintf_r.str1.1
                0x0000000008006a28       0x11 c:/st/stm32cubeide_1.5.1/stm32cubeide/plugins/com.st.stm32cube.ide.mcu.externaltools.gnu-tools-for-stm32.7-2018-q2-update.win32_1.5.0.202011040924/tools/bin/../lib/gcc/arm-none-eabi/7.3.1/../../../../arm-none-eabi/lib/thumb/v7e-m/fpv4-sp/hard\libc_nano.a(lib_a-nano-svfprintf.o)
 .rodata._printf_i.str1.1
                0x0000000008006a39       0x22 c:/st/stm32cubeide_1.5.1/stm32cubeide/plugins/com.st.stm32cube.ide.mcu.externaltools.gnu-tools-for-stm32.7-2018-q2-update.win32_1.5.0.202011040924/tools/bin/../lib/gcc/arm-none-eabi/7.3.1/../../../../arm-none-eabi/lib/thumb/v7e-m/fpv4-sp/hard\libc_nano.a(lib_a-nano-vfprintf_i.o)
                0x0000000008006a5c                . = ALIGN (0x4)
 *fill*         0x0000000008006a5b        0x1 

.ARM.extab      0x0000000008006a5c        0x0
                0x0000000008006a5c                . = ALIGN (0x4)
 *(.ARM.extab* .gnu.linkonce.armextab.*)
                0x0000000008006a5c                . = ALIGN (0x4)

.ARM            0x0000000008006a5c        0x8
                0x0000000008006a5c                . = ALIGN (0x4)
                0x0000000008006a5c                __exidx_start = .
 *(.ARM.exidx*)
 .ARM.exidx     0x0000000008006a5c        0x8 c:/st/stm32cubeide_1.5.1/stm32cubeide/plugins/com.st.stm32cube.ide.mcu.externaltools.gnu-tools-for-stm32.7-2018-q2-update.win32_1.5.0.202011040924/tools/bin/../lib/gcc/arm-none-eabi/7.3.1/thumb/v7e-m/fpv4-sp/hard\libgcc.a(_udivmoddi4.o)
                0x0000000008006a64                __exidx_end = .
                0x0000000008006a64                . = ALIGN (0x4)

.rel.dyn        0x0000000008006a64        0x0
 .rel.iplt      0x0000000008006a64        0x0 c:/st/stm32cubeide_1.5.1/stm32cubeide/plugins/com.st.stm32cube.ide.mcu.externaltools.gnu-tools-for-stm32.7-2018-q2-update.win32_1.5.0.202011040924/tools/bin/../lib/gcc/arm-none-eabi/7.3.1/thumb/v7e-m/fpv4-sp/hard/crtbegin.o

.preinit_array  0x0000000008006a64        0x0
                0x0000000008006a64                . = ALIGN (0x4)
                0x0000000008006a64                PROVIDE (__preinit_array_start = .)
 *(.preinit_array*)
                0x0000000008006a64                PROVIDE (__preinit_array_end = .)
                0x0000000008006a64                . = ALIGN (0x4)

.init_array     0x0000000008006a64        0x4
                0x0000000008006a64                . = ALIGN (0x4)
                0x0000000008006a64                PROVIDE (__init_array_start = .)
 *(SORT_BY_NAME(.init_array.*))
 *(.init_array*)
 .init_array    0x0000000008006a64        0x4 c:/st/stm32cubeide_1.5.1/stm32cubeide/plugins/com.st.stm32cube.ide.mcu.externaltools.gnu-tools-for-stm32.7-2018-q2-update.win32_1.5.0.202011040924/tools/bin/../lib/gcc/arm-none-eabi/7.3.1/thumb/v7e-m/fpv4-sp/hard/crtbegin.o
                0x0000000008006a68                PROVIDE (__init_array_end = .)
                0x0000000008006a68                . = ALIGN (0x4)

.fini_array     0x0000000008006a68        0x4
                0x0000000008006a68                . = ALIGN (0x4)
                [!provide]                        PROVIDE (__fini_array_start = .)
 *(SORT_BY_NAME(.fini_array.*))
 *(.fini_array*)
 .fini_array    0x0000000008006a68        0x4 c:/st/stm32cubeide_1.5.1/stm32cubeide/plugins/com.st.stm32cube.ide.mcu.externaltools.gnu-tools-for-stm32.7-2018-q2-update.win32_1.5.0.202011040924/tools/bin/../lib/gcc/arm-none-eabi/7.3.1/thumb/v7e-m/fpv4-sp/hard/crtbegin.o
                [!provide]                        PROVIDE (__fini_array_end = .)
                0x0000000008006a6c                . = ALIGN (0x4)
                0x0000000008006a6c                _sidata = LOADADDR (.data)

.data           0x0000000020000000      0x1ec load address 0x0000000008006a6c
                0x0000000020000000                . = ALIGN (0x4)
                0x0000000020000000                _sdata = .
 *(.data)
 *(.data*)
 .data.Bus_WizNet_SPI
                0x0000000020000000       0x54 Core/Src/main.o
 .data.Bus_Mixer
                0x0000000020000054       0xe0 Core/Src/main.o
 .data.var      0x0000000020000134        0x1 Core/Src/stm32f4xx_it.o
                0x0000000020000134                var
 *fill*         0x0000000020000135        0x3 
 .data.SystemCoreClock
                0x0000000020000138        0x4 Core/Src/system_stm32f4xx.o
                0x0000000020000138                SystemCoreClock
 .data.gWIZNETINFO
                0x000000002000013c       0x17 Core/Src/wizchip_init.o
                0x000000002000013c                gWIZNETINFO
 *fill*         0x0000000020000153        0x1 
 .data.uwTickPrio
                0x0000000020000154        0x4 Drivers/STM32F4xx_HAL_Driver/Src/stm32f4xx_hal.o
                0x0000000020000154                uwTickPrio
 .data.uwTickFreq
                0x0000000020000158        0x1 Drivers/STM32F4xx_HAL_Driver/Src/stm32f4xx_hal.o
                0x0000000020000158                uwTickFreq
 *fill*         0x0000000020000159        0x1 
 .data.sock_any_port
                0x000000002000015a        0x2 Ethernet/socket.o
 .data.WIZCHIP  0x000000002000015c       0x2c Ethernet/wizchip_conf.o
                0x000000002000015c                WIZCHIP
 .data._impure_ptr
                0x0000000020000188        0x4 c:/st/stm32cubeide_1.5.1/stm32cubeide/plugins/com.st.stm32cube.ide.mcu.externaltools.gnu-tools-for-stm32.7-2018-q2-update.win32_1.5.0.202011040924/tools/bin/../lib/gcc/arm-none-eabi/7.3.1/../../../../arm-none-eabi/lib/thumb/v7e-m/fpv4-sp/hard\libc_nano.a(lib_a-impure.o)
                0x0000000020000188                _impure_ptr
 .data.impure_data
                0x000000002000018c       0x60 c:/st/stm32cubeide_1.5.1/stm32cubeide/plugins/com.st.stm32cube.ide.mcu.externaltools.gnu-tools-for-stm32.7-2018-q2-update.win32_1.5.0.202011040924/tools/bin/../lib/gcc/arm-none-eabi/7.3.1/../../../../arm-none-eabi/lib/thumb/v7e-m/fpv4-sp/hard\libc_nano.a(lib_a-impure.o)
                0x00000000200001ec                . = ALIGN (0x4)
                0x00000000200001ec                _edata = .

.igot.plt       0x00000000200001ec        0x0 load address 0x0000000008006c58
 .igot.plt      0x00000000200001ec        0x0 c:/st/stm32cubeide_1.5.1/stm32cubeide/plugins/com.st.stm32cube.ide.mcu.externaltools.gnu-tools-for-stm32.7-2018-q2-update.win32_1.5.0.202011040924/tools/bin/../lib/gcc/arm-none-eabi/7.3.1/thumb/v7e-m/fpv4-sp/hard/crtbegin.o
                0x00000000200001ec                . = ALIGN (0x4)

.bss            0x00000000200001ec      0x348 load address 0x0000000008006c58
                0x00000000200001ec                _sbss = .
                0x00000000200001ec                __bss_start__ = _sbss
 *(.bss)
 .bss           0x00000000200001ec       0x1c c:/st/stm32cubeide_1.5.1/stm32cubeide/plugins/com.st.stm32cube.ide.mcu.externaltools.gnu-tools-for-stm32.7-2018-q2-update.win32_1.5.0.202011040924/tools/bin/../lib/gcc/arm-none-eabi/7.3.1/thumb/v7e-m/fpv4-sp/hard/crtbegin.o
 *(.bss*)
 .bss.Error     0x0000000020000208        0x1 Core/Src/stm32f4xx_it.o
                0x0000000020000208                Error
 .bss.Count     0x0000000020000209        0x1 Core/Src/stm32f4xx_it.o
                0x0000000020000209                Count
 .bss.Period    0x000000002000020a        0x2 Core/Src/stm32f4xx_it.o
                0x000000002000020a                Period
 .bss.dPhase    0x000000002000020c        0x2 Core/Src/stm32f4xx_it.o
                0x000000002000020c                dPhase
 *fill*         0x000000002000020e        0x2 
 .bss.PeriodAVG
                0x0000000020000210       0xc8 Core/Src/stm32f4xx_it.o
                0x0000000020000210                PeriodAVG
 .bss.iX        0x00000000200002d8        0x1 Core/Src/stm32f4xx_it.o
                0x00000000200002d8                iX
 .bss.iY        0x00000000200002d9        0x1 Core/Src/stm32f4xx_it.o
                0x00000000200002d9                iY
 .bss.iZ        0x00000000200002da        0x1 Core/Src/stm32f4xx_it.o
                0x00000000200002da                iZ
 .bss.iA        0x00000000200002db        0x1 Core/Src/stm32f4xx_it.o
                0x00000000200002db                iA
 .bss.sumX      0x00000000200002dc        0x4 Core/Src/stm32f4xx_it.o
                0x00000000200002dc                sumX
 .bss.sumY      0x00000000200002e0        0x4 Core/Src/stm32f4xx_it.o
                0x00000000200002e0                sumY
 .bss.sumZ      0x00000000200002e4        0x4 Core/Src/stm32f4xx_it.o
                0x00000000200002e4                sumZ
 .bss.sumA      0x00000000200002e8        0x4 Core/Src/stm32f4xx_it.o
                0x00000000200002e8                sumA
 .bss.PeriodX   0x00000000200002ec        0x2 Core/Src/stm32f4xx_it.o
                0x00000000200002ec                PeriodX
 .bss.PeriodY   0x00000000200002ee        0x2 Core/Src/stm32f4xx_it.o
                0x00000000200002ee                PeriodY
 .bss.PeriodZ   0x00000000200002f0        0x2 Core/Src/stm32f4xx_it.o
                0x00000000200002f0                PeriodZ
 .bss.PeriodA   0x00000000200002f2        0x2 Core/Src/stm32f4xx_it.o
                0x00000000200002f2                PeriodA
 .bss.Phase     0x00000000200002f4       0x10 Core/Src/stm32f4xx_it.o
                0x00000000200002f4                Phase
 .bss.PhaseRelatA
                0x0000000020000304       0x10 Core/Src/stm32f4xx_it.o
                0x0000000020000304                PhaseRelatA
 .bss.__sbrk_heap_end
                0x0000000020000314        0x4 Core/Src/sysmem.o
 .bss.sock_io_mode
                0x0000000020000318        0x2 Ethernet/socket.o
 .bss.sock_is_sending
                0x000000002000031a        0x2 Ethernet/socket.o
 .bss.sock_remained_size
                0x000000002000031c       0x10 Ethernet/socket.o
 .bss.sock_pack_info
                0x000000002000032c        0x8 Ethernet/socket.o
                0x000000002000032c                sock_pack_info
 .bss._DNS_     0x0000000020000334        0x4 Ethernet/wizchip_conf.o
 .bss._DHCP_    0x0000000020000338        0x1 Ethernet/wizchip_conf.o
 *fill*         0x0000000020000339        0x3 
 .bss.__malloc_free_list
                0x000000002000033c        0x4 c:/st/stm32cubeide_1.5.1/stm32cubeide/plugins/com.st.stm32cube.ide.mcu.externaltools.gnu-tools-for-stm32.7-2018-q2-update.win32_1.5.0.202011040924/tools/bin/../lib/gcc/arm-none-eabi/7.3.1/../../../../arm-none-eabi/lib/thumb/v7e-m/fpv4-sp/hard\libc_nano.a(lib_a-nano-mallocr.o)
                0x000000002000033c                __malloc_free_list
 .bss.__malloc_sbrk_start
                0x0000000020000340        0x4 c:/st/stm32cubeide_1.5.1/stm32cubeide/plugins/com.st.stm32cube.ide.mcu.externaltools.gnu-tools-for-stm32.7-2018-q2-update.win32_1.5.0.202011040924/tools/bin/../lib/gcc/arm-none-eabi/7.3.1/../../../../arm-none-eabi/lib/thumb/v7e-m/fpv4-sp/hard\libc_nano.a(lib_a-nano-mallocr.o)
                0x0000000020000340                __malloc_sbrk_start
 *(COMMON)
 COMMON         0x0000000020000344      0x1e8 Core/Src/main.o
                0x0000000020000344                htim4
                0x0000000020000384                SPI_WIZCHIP
                0x0000000020000388                GPIO_SPI_CS_WIZCHIP
                0x000000002000038c                htim3
                0x00000000200003cc                hspi3
                0x0000000020000424                GPIO_Pin_SPI_CS_WIZCHIP
                0x0000000020000428                huart1
                0x0000000020000468                htim9
                0x00000000200004a8                htim2
                0x00000000200004e8                UART_WIZCHIP
                0x00000000200004ec                htim12
 COMMON         0x000000002000052c        0x4 Drivers/STM32F4xx_HAL_Driver/Src/stm32f4xx_hal.o
                0x000000002000052c                uwTick
 COMMON         0x0000000020000530        0x4 c:/st/stm32cubeide_1.5.1/stm32cubeide/plugins/com.st.stm32cube.ide.mcu.externaltools.gnu-tools-for-stm32.7-2018-q2-update.win32_1.5.0.202011040924/tools/bin/../lib/gcc/arm-none-eabi/7.3.1/../../../../arm-none-eabi/lib/thumb/v7e-m/fpv4-sp/hard\libc_nano.a(lib_a-reent.o)
                0x0000000020000530                errno
                0x0000000020000534                . = ALIGN (0x4)
                0x0000000020000534                _ebss = .
                0x0000000020000534                __bss_end__ = _ebss

._user_heap_stack
                0x0000000020000534      0x604 load address 0x0000000008006c58
                0x0000000020000538                . = ALIGN (0x8)
 *fill*         0x0000000020000534        0x4 
                [!provide]                        PROVIDE (end = .)
                0x0000000020000538                PROVIDE (_end = .)
                0x0000000020000738                . = (. + _Min_Heap_Size)
 *fill*         0x0000000020000538      0x200 
                0x0000000020000b38                . = (. + _Min_Stack_Size)
 *fill*         0x0000000020000738      0x400 
                0x0000000020000b38                . = ALIGN (0x8)

/DISCARD/
 libc.a(*)
 libm.a(*)
 libgcc.a(*)

.ARM.attributes
                0x0000000000000000       0x30
 *(.ARM.attributes)
 .ARM.attributes
                0x0000000000000000       0x22 c:/st/stm32cubeide_1.5.1/stm32cubeide/plugins/com.st.stm32cube.ide.mcu.externaltools.gnu-tools-for-stm32.7-2018-q2-update.win32_1.5.0.202011040924/tools/bin/../lib/gcc/arm-none-eabi/7.3.1/thumb/v7e-m/fpv4-sp/hard/crti.o
 .ARM.attributes
                0x0000000000000022       0x34 c:/st/stm32cubeide_1.5.1/stm32cubeide/plugins/com.st.stm32cube.ide.mcu.externaltools.gnu-tools-for-stm32.7-2018-q2-update.win32_1.5.0.202011040924/tools/bin/../lib/gcc/arm-none-eabi/7.3.1/thumb/v7e-m/fpv4-sp/hard/crtbegin.o
 .ARM.attributes
                0x0000000000000056       0x39 Core/Src/main.o
 .ARM.attributes
                0x000000000000008f       0x39 Core/Src/stm32f4xx_hal_msp.o
 .ARM.attributes
                0x00000000000000c8       0x39 Core/Src/stm32f4xx_it.o
 .ARM.attributes
                0x0000000000000101       0x39 Core/Src/sysmem.o
 .ARM.attributes
                0x000000000000013a       0x39 Core/Src/system_stm32f4xx.o
 .ARM.attributes
                0x0000000000000173       0x39 Core/Src/wizchip_init.o
 .ARM.attributes
                0x00000000000001ac       0x21 Core/Startup/startup_stm32f405rgtx.o
 .ARM.attributes
                0x00000000000001cd       0x39 Drivers/STM32F4xx_HAL_Driver/Src/stm32f4xx_hal.o
 .ARM.attributes
                0x0000000000000206       0x39 Drivers/STM32F4xx_HAL_Driver/Src/stm32f4xx_hal_cortex.o
 .ARM.attributes
                0x000000000000023f       0x39 Drivers/STM32F4xx_HAL_Driver/Src/stm32f4xx_hal_gpio.o
 .ARM.attributes
                0x0000000000000278       0x39 Drivers/STM32F4xx_HAL_Driver/Src/stm32f4xx_hal_rcc.o
 .ARM.attributes
                0x00000000000002b1       0x39 Drivers/STM32F4xx_HAL_Driver/Src/stm32f4xx_hal_spi.o
 .ARM.attributes
                0x00000000000002ea       0x39 Drivers/STM32F4xx_HAL_Driver/Src/stm32f4xx_hal_tim.o
 .ARM.attributes
                0x0000000000000323       0x39 Drivers/STM32F4xx_HAL_Driver/Src/stm32f4xx_hal_tim_ex.o
 .ARM.attributes
                0x000000000000035c       0x39 Drivers/STM32F4xx_HAL_Driver/Src/stm32f4xx_hal_uart.o
 .ARM.attributes
                0x0000000000000395       0x39 Ethernet/W5500/w5500.o
 .ARM.attributes
                0x00000000000003ce       0x39 Ethernet/socket.o
 .ARM.attributes
                0x0000000000000407       0x39 Ethernet/wizchip_conf.o
 .ARM.attributes
                0x0000000000000440       0x34 c:/st/stm32cubeide_1.5.1/stm32cubeide/plugins/com.st.stm32cube.ide.mcu.externaltools.gnu-tools-for-stm32.7-2018-q2-update.win32_1.5.0.202011040924/tools/bin/../lib/gcc/arm-none-eabi/7.3.1/../../../../arm-none-eabi/lib/thumb/v7e-m/fpv4-sp/hard\libc_nano.a(lib_a-errno.o)
 .ARM.attributes
                0x0000000000000474       0x34 c:/st/stm32cubeide_1.5.1/stm32cubeide/plugins/com.st.stm32cube.ide.mcu.externaltools.gnu-tools-for-stm32.7-2018-q2-update.win32_1.5.0.202011040924/tools/bin/../lib/gcc/arm-none-eabi/7.3.1/../../../../arm-none-eabi/lib/thumb/v7e-m/fpv4-sp/hard\libc_nano.a(lib_a-impure.o)
 .ARM.attributes
                0x00000000000004a8       0x34 c:/st/stm32cubeide_1.5.1/stm32cubeide/plugins/com.st.stm32cube.ide.mcu.externaltools.gnu-tools-for-stm32.7-2018-q2-update.win32_1.5.0.202011040924/tools/bin/../lib/gcc/arm-none-eabi/7.3.1/../../../../arm-none-eabi/lib/thumb/v7e-m/fpv4-sp/hard\libc_nano.a(lib_a-init.o)
 .ARM.attributes
                0x00000000000004dc       0x34 c:/st/stm32cubeide_1.5.1/stm32cubeide/plugins/com.st.stm32cube.ide.mcu.externaltools.gnu-tools-for-stm32.7-2018-q2-update.win32_1.5.0.202011040924/tools/bin/../lib/gcc/arm-none-eabi/7.3.1/../../../../arm-none-eabi/lib/thumb/v7e-m/fpv4-sp/hard\libc_nano.a(lib_a-memset.o)
 .ARM.attributes
                0x0000000000000510       0x1b c:/st/stm32cubeide_1.5.1/stm32cubeide/plugins/com.st.stm32cube.ide.mcu.externaltools.gnu-tools-for-stm32.7-2018-q2-update.win32_1.5.0.202011040924/tools/bin/../lib/gcc/arm-none-eabi/7.3.1/../../../../arm-none-eabi/lib/thumb/v7e-m/fpv4-sp/hard\libc_nano.a(lib_a-strlen.o)
 .ARM.attributes
                0x000000000000052b       0x34 c:/st/stm32cubeide_1.5.1/stm32cubeide/plugins/com.st.stm32cube.ide.mcu.externaltools.gnu-tools-for-stm32.7-2018-q2-update.win32_1.5.0.202011040924/tools/bin/../lib/gcc/arm-none-eabi/7.3.1/../../../../arm-none-eabi/lib/thumb/v7e-m/fpv4-sp/hard\libc_nano.a(lib_a-vsnprintf.o)
 .ARM.attributes
                0x000000000000055f       0x34 c:/st/stm32cubeide_1.5.1/stm32cubeide/plugins/com.st.stm32cube.ide.mcu.externaltools.gnu-tools-for-stm32.7-2018-q2-update.win32_1.5.0.202011040924/tools/bin/../lib/gcc/arm-none-eabi/7.3.1/../../../../arm-none-eabi/lib/thumb/v7e-m/fpv4-sp/hard\libc_nano.a(lib_a-nano-svfprintf.o)
 .ARM.attributes
                0x0000000000000593       0x34 c:/st/stm32cubeide_1.5.1/stm32cubeide/plugins/com.st.stm32cube.ide.mcu.externaltools.gnu-tools-for-stm32.7-2018-q2-update.win32_1.5.0.202011040924/tools/bin/../lib/gcc/arm-none-eabi/7.3.1/../../../../arm-none-eabi/lib/thumb/v7e-m/fpv4-sp/hard\libc_nano.a(lib_a-nano-vfprintf_i.o)
 .ARM.attributes
                0x00000000000005c7       0x20 c:/st/stm32cubeide_1.5.1/stm32cubeide/plugins/com.st.stm32cube.ide.mcu.externaltools.gnu-tools-for-stm32.7-2018-q2-update.win32_1.5.0.202011040924/tools/bin/../lib/gcc/arm-none-eabi/7.3.1/../../../../arm-none-eabi/lib/thumb/v7e-m/fpv4-sp/hard\libc_nano.a(lib_a-memchr.o)
 .ARM.attributes
                0x00000000000005e7       0x34 c:/st/stm32cubeide_1.5.1/stm32cubeide/plugins/com.st.stm32cube.ide.mcu.externaltools.gnu-tools-for-stm32.7-2018-q2-update.win32_1.5.0.202011040924/tools/bin/../lib/gcc/arm-none-eabi/7.3.1/../../../../arm-none-eabi/lib/thumb/v7e-m/fpv4-sp/hard\libc_nano.a(lib_a-memcpy-stub.o)
 .ARM.attributes
                0x000000000000061b       0x34 c:/st/stm32cubeide_1.5.1/stm32cubeide/plugins/com.st.stm32cube.ide.mcu.externaltools.gnu-tools-for-stm32.7-2018-q2-update.win32_1.5.0.202011040924/tools/bin/../lib/gcc/arm-none-eabi/7.3.1/../../../../arm-none-eabi/lib/thumb/v7e-m/fpv4-sp/hard\libc_nano.a(lib_a-memmove.o)
 .ARM.attributes
                0x000000000000064f       0x34 c:/st/stm32cubeide_1.5.1/stm32cubeide/plugins/com.st.stm32cube.ide.mcu.externaltools.gnu-tools-for-stm32.7-2018-q2-update.win32_1.5.0.202011040924/tools/bin/../lib/gcc/arm-none-eabi/7.3.1/../../../../arm-none-eabi/lib/thumb/v7e-m/fpv4-sp/hard\libc_nano.a(lib_a-nano-freer.o)
 .ARM.attributes
                0x0000000000000683       0x34 c:/st/stm32cubeide_1.5.1/stm32cubeide/plugins/com.st.stm32cube.ide.mcu.externaltools.gnu-tools-for-stm32.7-2018-q2-update.win32_1.5.0.202011040924/tools/bin/../lib/gcc/arm-none-eabi/7.3.1/../../../../arm-none-eabi/lib/thumb/v7e-m/fpv4-sp/hard\libc_nano.a(lib_a-nano-mallocr.o)
 .ARM.attributes
                0x00000000000006b7       0x34 c:/st/stm32cubeide_1.5.1/stm32cubeide/plugins/com.st.stm32cube.ide.mcu.externaltools.gnu-tools-for-stm32.7-2018-q2-update.win32_1.5.0.202011040924/tools/bin/../lib/gcc/arm-none-eabi/7.3.1/../../../../arm-none-eabi/lib/thumb/v7e-m/fpv4-sp/hard\libc_nano.a(lib_a-nano-reallocr.o)
 .ARM.attributes
                0x00000000000006eb       0x34 c:/st/stm32cubeide_1.5.1/stm32cubeide/plugins/com.st.stm32cube.ide.mcu.externaltools.gnu-tools-for-stm32.7-2018-q2-update.win32_1.5.0.202011040924/tools/bin/../lib/gcc/arm-none-eabi/7.3.1/../../../../arm-none-eabi/lib/thumb/v7e-m/fpv4-sp/hard\libc_nano.a(lib_a-sbrkr.o)
 .ARM.attributes
                0x000000000000071f       0x34 c:/st/stm32cubeide_1.5.1/stm32cubeide/plugins/com.st.stm32cube.ide.mcu.externaltools.gnu-tools-for-stm32.7-2018-q2-update.win32_1.5.0.202011040924/tools/bin/../lib/gcc/arm-none-eabi/7.3.1/../../../../arm-none-eabi/lib/thumb/v7e-m/fpv4-sp/hard\libc_nano.a(lib_a-mlock.o)
 .ARM.attributes
                0x0000000000000753       0x34 c:/st/stm32cubeide_1.5.1/stm32cubeide/plugins/com.st.stm32cube.ide.mcu.externaltools.gnu-tools-for-stm32.7-2018-q2-update.win32_1.5.0.202011040924/tools/bin/../lib/gcc/arm-none-eabi/7.3.1/../../../../arm-none-eabi/lib/thumb/v7e-m/fpv4-sp/hard\libc_nano.a(lib_a-nano-msizer.o)
 .ARM.attributes
                0x0000000000000787       0x34 c:/st/stm32cubeide_1.5.1/stm32cubeide/plugins/com.st.stm32cube.ide.mcu.externaltools.gnu-tools-for-stm32.7-2018-q2-update.win32_1.5.0.202011040924/tools/bin/../lib/gcc/arm-none-eabi/7.3.1/../../../../arm-none-eabi/lib/thumb/v7e-m/fpv4-sp/hard\libc_nano.a(lib_a-reent.o)
 .ARM.attributes
                0x00000000000007bb       0x22 c:/st/stm32cubeide_1.5.1/stm32cubeide/plugins/com.st.stm32cube.ide.mcu.externaltools.gnu-tools-for-stm32.7-2018-q2-update.win32_1.5.0.202011040924/tools/bin/../lib/gcc/arm-none-eabi/7.3.1/thumb/v7e-m/fpv4-sp/hard\libgcc.a(_aeabi_uldivmod.o)
 .ARM.attributes
                0x00000000000007dd       0x34 c:/st/stm32cubeide_1.5.1/stm32cubeide/plugins/com.st.stm32cube.ide.mcu.externaltools.gnu-tools-for-stm32.7-2018-q2-update.win32_1.5.0.202011040924/tools/bin/../lib/gcc/arm-none-eabi/7.3.1/thumb/v7e-m/fpv4-sp/hard\libgcc.a(_udivmoddi4.o)
 .ARM.attributes
                0x0000000000000811       0x22 c:/st/stm32cubeide_1.5.1/stm32cubeide/plugins/com.st.stm32cube.ide.mcu.externaltools.gnu-tools-for-stm32.7-2018-q2-update.win32_1.5.0.202011040924/tools/bin/../lib/gcc/arm-none-eabi/7.3.1/thumb/v7e-m/fpv4-sp/hard\libgcc.a(_dvmd_tls.o)
 .ARM.attributes
                0x0000000000000833       0x22 c:/st/stm32cubeide_1.5.1/stm32cubeide/plugins/com.st.stm32cube.ide.mcu.externaltools.gnu-tools-for-stm32.7-2018-q2-update.win32_1.5.0.202011040924/tools/bin/../lib/gcc/arm-none-eabi/7.3.1/thumb/v7e-m/fpv4-sp/hard/crtn.o
OUTPUT(PhaseDetector v1.0.elf elf32-littlearm)

.debug_info     0x0000000000000000    0x134f0
 .debug_info    0x0000000000000000     0x203c Core/Src/main.o
 .debug_info    0x000000000000203c     0x118a Core/Src/stm32f4xx_hal_msp.o
 .debug_info    0x00000000000031c6      0xa09 Core/Src/stm32f4xx_it.o
 .debug_info    0x0000000000003bcf      0x985 Core/Src/sysmem.o
 .debug_info    0x0000000000004554      0x554 Core/Src/system_stm32f4xx.o
 .debug_info    0x0000000000004aa8     0x1873 Core/Src/wizchip_init.o
 .debug_info    0x000000000000631b       0x22 Core/Startup/startup_stm32f405rgtx.o
 .debug_info    0x000000000000633d      0x933 Drivers/STM32F4xx_HAL_Driver/Src/stm32f4xx_hal.o
 .debug_info    0x0000000000006c70      0xe16 Drivers/STM32F4xx_HAL_Driver/Src/stm32f4xx_hal_cortex.o
 .debug_info    0x0000000000007a86      0x7b5 Drivers/STM32F4xx_HAL_Driver/Src/stm32f4xx_hal_gpio.o
 .debug_info    0x000000000000823b      0x904 Drivers/STM32F4xx_HAL_Driver/Src/stm32f4xx_hal_rcc.o
 .debug_info    0x0000000000008b3f     0x163a Drivers/STM32F4xx_HAL_Driver/Src/stm32f4xx_hal_spi.o
 .debug_info    0x000000000000a179     0x24a9 Drivers/STM32F4xx_HAL_Driver/Src/stm32f4xx_hal_tim.o
 .debug_info    0x000000000000c622     0x1157 Drivers/STM32F4xx_HAL_Driver/Src/stm32f4xx_hal_tim_ex.o
 .debug_info    0x000000000000d779     0x124c Drivers/STM32F4xx_HAL_Driver/Src/stm32f4xx_hal_uart.o
 .debug_info    0x000000000000e9c5     0x15db Ethernet/W5500/w5500.o
 .debug_info    0x000000000000ffa0     0x188e Ethernet/socket.o
 .debug_info    0x000000000001182e     0x1cc2 Ethernet/wizchip_conf.o

.debug_abbrev   0x0000000000000000     0x270c
 .debug_abbrev  0x0000000000000000      0x2ed Core/Src/main.o
 .debug_abbrev  0x00000000000002ed      0x1de Core/Src/stm32f4xx_hal_msp.o
 .debug_abbrev  0x00000000000004cb      0x20b Core/Src/stm32f4xx_it.o
 .debug_abbrev  0x00000000000006d6      0x19b Core/Src/sysmem.o
 .debug_abbrev  0x0000000000000871      0x12b Core/Src/system_stm32f4xx.o
 .debug_abbrev  0x000000000000099c      0x348 Core/Src/wizchip_init.o
 .debug_abbrev  0x0000000000000ce4       0x12 Core/Startup/startup_stm32f405rgtx.o
 .debug_abbrev  0x0000000000000cf6      0x1c7 Drivers/STM32F4xx_HAL_Driver/Src/stm32f4xx_hal.o
 .debug_abbrev  0x0000000000000ebd      0x2fa Drivers/STM32F4xx_HAL_Driver/Src/stm32f4xx_hal_cortex.o
 .debug_abbrev  0x00000000000011b7      0x1c9 Drivers/STM32F4xx_HAL_Driver/Src/stm32f4xx_hal_gpio.o
 .debug_abbrev  0x0000000000001380      0x245 Drivers/STM32F4xx_HAL_Driver/Src/stm32f4xx_hal_rcc.o
 .debug_abbrev  0x00000000000015c5      0x240 Drivers/STM32F4xx_HAL_Driver/Src/stm32f4xx_hal_spi.o
 .debug_abbrev  0x0000000000001805      0x230 Drivers/STM32F4xx_HAL_Driver/Src/stm32f4xx_hal_tim.o
 .debug_abbrev  0x0000000000001a35      0x21e Drivers/STM32F4xx_HAL_Driver/Src/stm32f4xx_hal_tim_ex.o
 .debug_abbrev  0x0000000000001c53      0x242 Drivers/STM32F4xx_HAL_Driver/Src/stm32f4xx_hal_uart.o
 .debug_abbrev  0x0000000000001e95      0x298 Ethernet/W5500/w5500.o
 .debug_abbrev  0x000000000000212d      0x2a9 Ethernet/socket.o
 .debug_abbrev  0x00000000000023d6      0x336 Ethernet/wizchip_conf.o

.debug_aranges  0x0000000000000000     0x1000
 .debug_aranges
                0x0000000000000000       0x78 Core/Src/main.o
 .debug_aranges
                0x0000000000000078       0x50 Core/Src/stm32f4xx_hal_msp.o
 .debug_aranges
                0x00000000000000c8       0xc0 Core/Src/stm32f4xx_it.o
 .debug_aranges
                0x0000000000000188       0x20 Core/Src/sysmem.o
 .debug_aranges
                0x00000000000001a8       0x28 Core/Src/system_stm32f4xx.o
 .debug_aranges
                0x00000000000001d0       0x78 Core/Src/wizchip_init.o
 .debug_aranges
                0x0000000000000248       0x28 Core/Startup/startup_stm32f405rgtx.o
 .debug_aranges
                0x0000000000000270       0xf0 Drivers/STM32F4xx_HAL_Driver/Src/stm32f4xx_hal.o
 .debug_aranges
                0x0000000000000360      0x118 Drivers/STM32F4xx_HAL_Driver/Src/stm32f4xx_hal_cortex.o
 .debug_aranges
                0x0000000000000478       0x58 Drivers/STM32F4xx_HAL_Driver/Src/stm32f4xx_hal_gpio.o
 .debug_aranges
                0x00000000000004d0       0x88 Drivers/STM32F4xx_HAL_Driver/Src/stm32f4xx_hal_rcc.o
 .debug_aranges
                0x0000000000000558      0x1d0 Drivers/STM32F4xx_HAL_Driver/Src/stm32f4xx_hal_spi.o
 .debug_aranges
                0x0000000000000728      0x3a8 Drivers/STM32F4xx_HAL_Driver/Src/stm32f4xx_hal_tim.o
 .debug_aranges
                0x0000000000000ad0      0x150 Drivers/STM32F4xx_HAL_Driver/Src/stm32f4xx_hal_tim_ex.o
 .debug_aranges
                0x0000000000000c20      0x1d0 Drivers/STM32F4xx_HAL_Driver/Src/stm32f4xx_hal_uart.o
 .debug_aranges
                0x0000000000000df0       0x60 Ethernet/W5500/w5500.o
 .debug_aranges
                0x0000000000000e50       0x78 Ethernet/socket.o
 .debug_aranges
                0x0000000000000ec8      0x138 Ethernet/wizchip_conf.o

.debug_ranges   0x0000000000000000      0xee8
 .debug_ranges  0x0000000000000000       0x68 Core/Src/main.o
 .debug_ranges  0x0000000000000068       0x40 Core/Src/stm32f4xx_hal_msp.o
 .debug_ranges  0x00000000000000a8       0xb0 Core/Src/stm32f4xx_it.o
 .debug_ranges  0x0000000000000158       0x10 Core/Src/sysmem.o
 .debug_ranges  0x0000000000000168       0x18 Core/Src/system_stm32f4xx.o
 .debug_ranges  0x0000000000000180       0x68 Core/Src/wizchip_init.o
 .debug_ranges  0x00000000000001e8       0x20 Core/Startup/startup_stm32f405rgtx.o
 .debug_ranges  0x0000000000000208       0xe0 Drivers/STM32F4xx_HAL_Driver/Src/stm32f4xx_hal.o
 .debug_ranges  0x00000000000002e8      0x108 Drivers/STM32F4xx_HAL_Driver/Src/stm32f4xx_hal_cortex.o
 .debug_ranges  0x00000000000003f0       0x48 Drivers/STM32F4xx_HAL_Driver/Src/stm32f4xx_hal_gpio.o
 .debug_ranges  0x0000000000000438       0x78 Drivers/STM32F4xx_HAL_Driver/Src/stm32f4xx_hal_rcc.o
 .debug_ranges  0x00000000000004b0      0x1c0 Drivers/STM32F4xx_HAL_Driver/Src/stm32f4xx_hal_spi.o
 .debug_ranges  0x0000000000000670      0x398 Drivers/STM32F4xx_HAL_Driver/Src/stm32f4xx_hal_tim.o
 .debug_ranges  0x0000000000000a08      0x140 Drivers/STM32F4xx_HAL_Driver/Src/stm32f4xx_hal_tim_ex.o
 .debug_ranges  0x0000000000000b48      0x1c0 Drivers/STM32F4xx_HAL_Driver/Src/stm32f4xx_hal_uart.o
 .debug_ranges  0x0000000000000d08       0x50 Ethernet/W5500/w5500.o
 .debug_ranges  0x0000000000000d58       0x68 Ethernet/socket.o
 .debug_ranges  0x0000000000000dc0      0x128 Ethernet/wizchip_conf.o

.debug_macro    0x0000000000000000    0x20f13
 .debug_macro   0x0000000000000000      0x34e Core/Src/main.o
 .debug_macro   0x000000000000034e      0xa5a Core/Src/main.o
 .debug_macro   0x0000000000000da8      0x29a Core/Src/main.o
 .debug_macro   0x0000000000001042       0x2e Core/Src/main.o
 .debug_macro   0x0000000000001070       0x2f Core/Src/main.o
 .debug_macro   0x000000000000109f       0x22 Core/Src/main.o
 .debug_macro   0x00000000000010c1       0x8e Core/Src/main.o
 .debug_macro   0x000000000000114f       0x51 Core/Src/main.o
 .debug_macro   0x00000000000011a0       0xef Core/Src/main.o
 .debug_macro   0x000000000000128f       0x6a Core/Src/main.o
 .debug_macro   0x00000000000012f9      0x1df Core/Src/main.o
 .debug_macro   0x00000000000014d8       0x1c Core/Src/main.o
 .debug_macro   0x00000000000014f4       0x22 Core/Src/main.o
 .debug_macro   0x0000000000001516       0xdf Core/Src/main.o
 .debug_macro   0x00000000000015f5     0x102d Core/Src/main.o
 .debug_macro   0x0000000000002622      0x11f Core/Src/main.o
 .debug_macro   0x0000000000002741    0x14251 Core/Src/main.o
 .debug_macro   0x0000000000016992       0x43 Core/Src/main.o
 .debug_macro   0x00000000000169d5     0x3659 Core/Src/main.o
 .debug_macro   0x000000000001a02e      0x174 Core/Src/main.o
 .debug_macro   0x000000000001a1a2       0x5a Core/Src/main.o
 .debug_macro   0x000000000001a1fc      0x8a7 Core/Src/main.o
 .debug_macro   0x000000000001aaa3      0x9fe Core/Src/main.o
 .debug_macro   0x000000000001b4a1      0x117 Core/Src/main.o
 .debug_macro   0x000000000001b5b8      0x130 Core/Src/main.o
 .debug_macro   0x000000000001b6e8       0x27 Core/Src/main.o
 .debug_macro   0x000000000001b70f      0x174 Core/Src/main.o
 .debug_macro   0x000000000001b883      0x287 Core/Src/main.o
 .debug_macro   0x000000000001bb0a       0x5f Core/Src/main.o
 .debug_macro   0x000000000001bb69      0x236 Core/Src/main.o
 .debug_macro   0x000000000001bd9f      0x12c Core/Src/main.o
 .debug_macro   0x000000000001becb      0x21e Core/Src/main.o
 .debug_macro   0x000000000001c0e9       0x2e Core/Src/main.o
 .debug_macro   0x000000000001c117      0x11a Core/Src/main.o
 .debug_macro   0x000000000001c231       0x7e Core/Src/main.o
 .debug_macro   0x000000000001c2af       0x89 Core/Src/main.o
 .debug_macro   0x000000000001c338      0x225 Core/Src/main.o
 .debug_macro   0x000000000001c55d      0x8a0 Core/Src/main.o
 .debug_macro   0x000000000001cdfd       0x47 Core/Src/main.o
 .debug_macro   0x000000000001ce44      0x287 Core/Src/main.o
 .debug_macro   0x000000000001d0cb      0x12d Core/Src/main.o
 .debug_macro   0x000000000001d1f8       0x1c Core/Src/main.o
 .debug_macro   0x000000000001d214       0x2e Core/Src/main.o
 .debug_macro   0x000000000001d242       0x66 Core/Src/main.o
 .debug_macro   0x000000000001d2a8      0x5e7 Core/Src/main.o
 .debug_macro   0x000000000001d88f       0x66 Core/Src/main.o
 .debug_macro   0x000000000001d8f5       0xd8 Core/Src/main.o
 .debug_macro   0x000000000001d9cd       0x46 Core/Src/main.o
 .debug_macro   0x000000000001da13       0x18 Core/Src/main.o
 .debug_macro   0x000000000001da2b       0x3c Core/Src/main.o
 .debug_macro   0x000000000001da67       0x34 Core/Src/main.o
 .debug_macro   0x000000000001da9b       0x52 Core/Src/main.o
 .debug_macro   0x000000000001daed       0x1f Core/Src/main.o
 .debug_macro   0x000000000001db0c       0x43 Core/Src/main.o
 .debug_macro   0x000000000001db4f       0x20 Core/Src/main.o
 .debug_macro   0x000000000001db6f      0x1a3 Core/Src/main.o
 .debug_macro   0x000000000001dd12      0x32a Core/Src/main.o
 .debug_macro   0x000000000001e03c       0x10 Core/Src/main.o
 .debug_macro   0x000000000001e04c       0x35 Core/Src/main.o
 .debug_macro   0x000000000001e081       0x20 Core/Src/main.o
 .debug_macro   0x000000000001e0a1       0x58 Core/Src/main.o
 .debug_macro   0x000000000001e0f9       0x22 Core/Src/main.o
 .debug_macro   0x000000000001e11b      0x111 Core/Src/main.o
 .debug_macro   0x000000000001e22c       0x16 Core/Src/main.o
 .debug_macro   0x000000000001e242       0x16 Core/Src/main.o
 .debug_macro   0x000000000001e258       0x29 Core/Src/main.o
 .debug_macro   0x000000000001e281       0x28 Core/Src/main.o
 .debug_macro   0x000000000001e2a9      0x1e7 Core/Src/stm32f4xx_hal_msp.o
 .debug_macro   0x000000000001e490      0x1f7 Core/Src/stm32f4xx_it.o
 .debug_macro   0x000000000001e687       0xee Core/Src/sysmem.o
 .debug_macro   0x000000000001e775      0x23b Core/Src/sysmem.o
 .debug_macro   0x000000000001e9b0      0x1de Core/Src/system_stm32f4xx.o
 .debug_macro   0x000000000001eb8e      0x345 Core/Src/wizchip_init.o
 .debug_macro   0x000000000001eed3      0x238 Drivers/STM32F4xx_HAL_Driver/Src/stm32f4xx_hal.o
 .debug_macro   0x000000000001f10b      0x1d8 Drivers/STM32F4xx_HAL_Driver/Src/stm32f4xx_hal_cortex.o
 .debug_macro   0x000000000001f2e3      0x20e Drivers/STM32F4xx_HAL_Driver/Src/stm32f4xx_hal_gpio.o
 .debug_macro   0x000000000001f4f1      0x1fc Drivers/STM32F4xx_HAL_Driver/Src/stm32f4xx_hal_rcc.o
 .debug_macro   0x000000000001f6ed      0x1e7 Drivers/STM32F4xx_HAL_Driver/Src/stm32f4xx_hal_spi.o
 .debug_macro   0x000000000001f8d4      0x1d9 Drivers/STM32F4xx_HAL_Driver/Src/stm32f4xx_hal_tim.o
 .debug_macro   0x000000000001faad      0x1d8 Drivers/STM32F4xx_HAL_Driver/Src/stm32f4xx_hal_tim_ex.o
 .debug_macro   0x000000000001fc85      0x1d9 Drivers/STM32F4xx_HAL_Driver/Src/stm32f4xx_hal_uart.o
 .debug_macro   0x000000000001fe5e      0x365 Ethernet/W5500/w5500.o
 .debug_macro   0x00000000000201c3       0xbf Ethernet/W5500/w5500.o
 .debug_macro   0x0000000000020282      0x35d Ethernet/socket.o
 .debug_macro   0x00000000000205df      0x5ed Ethernet/socket.o
 .debug_macro   0x0000000000020bcc      0x347 Ethernet/wizchip_conf.o

.debug_line     0x0000000000000000     0xc2b6
 .debug_line    0x0000000000000000      0xabd Core/Src/main.o
 .debug_line    0x0000000000000abd      0x7a3 Core/Src/stm32f4xx_hal_msp.o
 .debug_line    0x0000000000001260      0x8cc Core/Src/stm32f4xx_it.o
 .debug_line    0x0000000000001b2c      0x4c7 Core/Src/sysmem.o
 .debug_line    0x0000000000001ff3      0x6f3 Core/Src/system_stm32f4xx.o
 .debug_line    0x00000000000026e6      0xabe Core/Src/wizchip_init.o
 .debug_line    0x00000000000031a4       0x85 Core/Startup/startup_stm32f405rgtx.o
 .debug_line    0x0000000000003229      0x8dd Drivers/STM32F4xx_HAL_Driver/Src/stm32f4xx_hal.o
 .debug_line    0x0000000000003b06      0xa01 Drivers/STM32F4xx_HAL_Driver/Src/stm32f4xx_hal_cortex.o
 .debug_line    0x0000000000004507      0x8bc Drivers/STM32F4xx_HAL_Driver/Src/stm32f4xx_hal_gpio.o
 .debug_line    0x0000000000004dc3      0x935 Drivers/STM32F4xx_HAL_Driver/Src/stm32f4xx_hal_rcc.o
 .debug_line    0x00000000000056f8     0x1099 Drivers/STM32F4xx_HAL_Driver/Src/stm32f4xx_hal_spi.o
 .debug_line    0x0000000000006791     0x1956 Drivers/STM32F4xx_HAL_Driver/Src/stm32f4xx_hal_tim.o
 .debug_line    0x00000000000080e7      0xcf3 Drivers/STM32F4xx_HAL_Driver/Src/stm32f4xx_hal_tim_ex.o
 .debug_line    0x0000000000008dda      0xfeb Drivers/STM32F4xx_HAL_Driver/Src/stm32f4xx_hal_uart.o
 .debug_line    0x0000000000009dc5      0xa55 Ethernet/W5500/w5500.o
 .debug_line    0x000000000000a81a      0xd81 Ethernet/socket.o
 .debug_line    0x000000000000b59b      0xd1b Ethernet/wizchip_conf.o

.debug_str      0x0000000000000000    0xc4523
 .debug_str     0x0000000000000000    0xc0612 Core/Src/main.o
                                      0xc0aaa (size before relaxing)
 .debug_str     0x00000000000c0612       0xb3 Core/Src/stm32f4xx_hal_msp.o
                                      0xb9a95 (size before relaxing)
 .debug_str     0x00000000000c06c5      0x230 Core/Src/stm32f4xx_it.o
                                      0xb92d1 (size before relaxing)
 .debug_str     0x00000000000c08f5      0x4e9 Core/Src/sysmem.o
                                       0x5f60 (size before relaxing)
 .debug_str     0x00000000000c0dde       0xc4 Core/Src/system_stm32f4xx.o
                                      0xb8d90 (size before relaxing)
 .debug_str     0x00000000000c0ea2      0x336 Core/Src/wizchip_init.o
                                      0xbffef (size before relaxing)
 .debug_str     0x00000000000c11d8       0x36 Core/Startup/startup_stm32f405rgtx.o
                                         0x6d (size before relaxing)
 .debug_str     0x00000000000c120e      0x58d Drivers/STM32F4xx_HAL_Driver/Src/stm32f4xx_hal.o
                                      0xb983c (size before relaxing)
 .debug_str     0x00000000000c179b      0x399 Drivers/STM32F4xx_HAL_Driver/Src/stm32f4xx_hal_cortex.o
                                      0xb962b (size before relaxing)
 .debug_str     0x00000000000c1b34      0x1de Drivers/STM32F4xx_HAL_Driver/Src/stm32f4xx_hal_gpio.o
                                      0xb8fcf (size before relaxing)
 .debug_str     0x00000000000c1d12      0x259 Drivers/STM32F4xx_HAL_Driver/Src/stm32f4xx_hal_rcc.o
                                      0xb917d (size before relaxing)
 .debug_str     0x00000000000c1f6b      0x560 Drivers/STM32F4xx_HAL_Driver/Src/stm32f4xx_hal_spi.o
                                      0xb95fe (size before relaxing)
 .debug_str     0x00000000000c24cb      0xd08 Drivers/STM32F4xx_HAL_Driver/Src/stm32f4xx_hal_tim.o
                                      0xb9e9c (size before relaxing)
 .debug_str     0x00000000000c31d3      0x4a2 Drivers/STM32F4xx_HAL_Driver/Src/stm32f4xx_hal_tim_ex.o
                                      0xb969c (size before relaxing)
 .debug_str     0x00000000000c3675      0x507 Drivers/STM32F4xx_HAL_Driver/Src/stm32f4xx_hal_uart.o
                                      0xb95dc (size before relaxing)
 .debug_str     0x00000000000c3b7c      0x133 Ethernet/W5500/w5500.o
                                      0xbfd52 (size before relaxing)
 .debug_str     0x00000000000c3caf      0x3b9 Ethernet/socket.o
                                      0xc0081 (size before relaxing)
 .debug_str     0x00000000000c4068      0x4bb Ethernet/wizchip_conf.o
                                      0xc02b2 (size before relaxing)

.comment        0x0000000000000000       0x7b
 .comment       0x0000000000000000       0x7b Core/Src/main.o
                                         0x7c (size before relaxing)
 .comment       0x000000000000007b       0x7c Core/Src/stm32f4xx_hal_msp.o
 .comment       0x000000000000007b       0x7c Core/Src/stm32f4xx_it.o
 .comment       0x000000000000007b       0x7c Core/Src/sysmem.o
 .comment       0x000000000000007b       0x7c Core/Src/system_stm32f4xx.o
 .comment       0x000000000000007b       0x7c Core/Src/wizchip_init.o
 .comment       0x000000000000007b       0x7c Drivers/STM32F4xx_HAL_Driver/Src/stm32f4xx_hal.o
 .comment       0x000000000000007b       0x7c Drivers/STM32F4xx_HAL_Driver/Src/stm32f4xx_hal_cortex.o
 .comment       0x000000000000007b       0x7c Drivers/STM32F4xx_HAL_Driver/Src/stm32f4xx_hal_gpio.o
 .comment       0x000000000000007b       0x7c Drivers/STM32F4xx_HAL_Driver/Src/stm32f4xx_hal_rcc.o
 .comment       0x000000000000007b       0x7c Drivers/STM32F4xx_HAL_Driver/Src/stm32f4xx_hal_spi.o
 .comment       0x000000000000007b       0x7c Drivers/STM32F4xx_HAL_Driver/Src/stm32f4xx_hal_tim.o
 .comment       0x000000000000007b       0x7c Drivers/STM32F4xx_HAL_Driver/Src/stm32f4xx_hal_tim_ex.o
 .comment       0x000000000000007b       0x7c Drivers/STM32F4xx_HAL_Driver/Src/stm32f4xx_hal_uart.o
 .comment       0x000000000000007b       0x7c Ethernet/W5500/w5500.o
 .comment       0x000000000000007b       0x7c Ethernet/socket.o
 .comment       0x000000000000007b       0x7c Ethernet/wizchip_conf.o

.debug_frame    0x0000000000000000     0x4634
 .debug_frame   0x0000000000000000      0x1a8 Core/Src/main.o
 .debug_frame   0x00000000000001a8      0x110 Core/Src/stm32f4xx_hal_msp.o
 .debug_frame   0x00000000000002b8      0x27c Core/Src/stm32f4xx_it.o
 .debug_frame   0x0000000000000534       0x34 Core/Src/sysmem.o
 .debug_frame   0x0000000000000568       0x58 Core/Src/system_stm32f4xx.o
 .debug_frame   0x00000000000005c0      0x1d4 Core/Src/wizchip_init.o
 .debug_frame   0x0000000000000794      0x374 Drivers/STM32F4xx_HAL_Driver/Src/stm32f4xx_hal.o
 .debug_frame   0x0000000000000b08      0x498 Drivers/STM32F4xx_HAL_Driver/Src/stm32f4xx_hal_cortex.o
 .debug_frame   0x0000000000000fa0      0x14c Drivers/STM32F4xx_HAL_Driver/Src/stm32f4xx_hal_gpio.o
 .debug_frame   0x00000000000010ec      0x1f0 Drivers/STM32F4xx_HAL_Driver/Src/stm32f4xx_hal_rcc.o
 .debug_frame   0x00000000000012dc      0x824 Drivers/STM32F4xx_HAL_Driver/Src/stm32f4xx_hal_spi.o
 .debug_frame   0x0000000000001b00     0x10f0 Drivers/STM32F4xx_HAL_Driver/Src/stm32f4xx_hal_tim.o
 .debug_frame   0x0000000000002bf0      0x5c0 Drivers/STM32F4xx_HAL_Driver/Src/stm32f4xx_hal_tim_ex.o
 .debug_frame   0x00000000000031b0      0x844 Drivers/STM32F4xx_HAL_Driver/Src/stm32f4xx_hal_uart.o
 .debug_frame   0x00000000000039f4      0x16c Ethernet/W5500/w5500.o
 .debug_frame   0x0000000000003b60      0x1d0 Ethernet/socket.o
 .debug_frame   0x0000000000003d30      0x534 Ethernet/wizchip_conf.o
 .debug_frame   0x0000000000004264       0x20 c:/st/stm32cubeide_1.5.1/stm32cubeide/plugins/com.st.stm32cube.ide.mcu.externaltools.gnu-tools-for-stm32.7-2018-q2-update.win32_1.5.0.202011040924/tools/bin/../lib/gcc/arm-none-eabi/7.3.1/../../../../arm-none-eabi/lib/thumb/v7e-m/fpv4-sp/hard\libc_nano.a(lib_a-errno.o)
 .debug_frame   0x0000000000004284       0x2c c:/st/stm32cubeide_1.5.1/stm32cubeide/plugins/com.st.stm32cube.ide.mcu.externaltools.gnu-tools-for-stm32.7-2018-q2-update.win32_1.5.0.202011040924/tools/bin/../lib/gcc/arm-none-eabi/7.3.1/../../../../arm-none-eabi/lib/thumb/v7e-m/fpv4-sp/hard\libc_nano.a(lib_a-init.o)
 .debug_frame   0x00000000000042b0       0x20 c:/st/stm32cubeide_1.5.1/stm32cubeide/plugins/com.st.stm32cube.ide.mcu.externaltools.gnu-tools-for-stm32.7-2018-q2-update.win32_1.5.0.202011040924/tools/bin/../lib/gcc/arm-none-eabi/7.3.1/../../../../arm-none-eabi/lib/thumb/v7e-m/fpv4-sp/hard\libc_nano.a(lib_a-memset.o)
 .debug_frame   0x00000000000042d0       0x4c c:/st/stm32cubeide_1.5.1/stm32cubeide/plugins/com.st.stm32cube.ide.mcu.externaltools.gnu-tools-for-stm32.7-2018-q2-update.win32_1.5.0.202011040924/tools/bin/../lib/gcc/arm-none-eabi/7.3.1/../../../../arm-none-eabi/lib/thumb/v7e-m/fpv4-sp/hard\libc_nano.a(lib_a-vsnprintf.o)
 .debug_frame   0x000000000000431c       0x90 c:/st/stm32cubeide_1.5.1/stm32cubeide/plugins/com.st.stm32cube.ide.mcu.externaltools.gnu-tools-for-stm32.7-2018-q2-update.win32_1.5.0.202011040924/tools/bin/../lib/gcc/arm-none-eabi/7.3.1/../../../../arm-none-eabi/lib/thumb/v7e-m/fpv4-sp/hard\libc_nano.a(lib_a-nano-svfprintf.o)
 .debug_frame   0x00000000000043ac       0x60 c:/st/stm32cubeide_1.5.1/stm32cubeide/plugins/com.st.stm32cube.ide.mcu.externaltools.gnu-tools-for-stm32.7-2018-q2-update.win32_1.5.0.202011040924/tools/bin/../lib/gcc/arm-none-eabi/7.3.1/../../../../arm-none-eabi/lib/thumb/v7e-m/fpv4-sp/hard\libc_nano.a(lib_a-nano-vfprintf_i.o)
 .debug_frame   0x000000000000440c       0x28 c:/st/stm32cubeide_1.5.1/stm32cubeide/plugins/com.st.stm32cube.ide.mcu.externaltools.gnu-tools-for-stm32.7-2018-q2-update.win32_1.5.0.202011040924/tools/bin/../lib/gcc/arm-none-eabi/7.3.1/../../../../arm-none-eabi/lib/thumb/v7e-m/fpv4-sp/hard\libc_nano.a(lib_a-memcpy-stub.o)
 .debug_frame   0x0000000000004434       0x28 c:/st/stm32cubeide_1.5.1/stm32cubeide/plugins/com.st.stm32cube.ide.mcu.externaltools.gnu-tools-for-stm32.7-2018-q2-update.win32_1.5.0.202011040924/tools/bin/../lib/gcc/arm-none-eabi/7.3.1/../../../../arm-none-eabi/lib/thumb/v7e-m/fpv4-sp/hard\libc_nano.a(lib_a-memmove.o)
 .debug_frame   0x000000000000445c       0x38 c:/st/stm32cubeide_1.5.1/stm32cubeide/plugins/com.st.stm32cube.ide.mcu.externaltools.gnu-tools-for-stm32.7-2018-q2-update.win32_1.5.0.202011040924/tools/bin/../lib/gcc/arm-none-eabi/7.3.1/../../../../arm-none-eabi/lib/thumb/v7e-m/fpv4-sp/hard\libc_nano.a(lib_a-nano-freer.o)
 .debug_frame   0x0000000000004494       0x2c c:/st/stm32cubeide_1.5.1/stm32cubeide/plugins/com.st.stm32cube.ide.mcu.externaltools.gnu-tools-for-stm32.7-2018-q2-update.win32_1.5.0.202011040924/tools/bin/../lib/gcc/arm-none-eabi/7.3.1/../../../../arm-none-eabi/lib/thumb/v7e-m/fpv4-sp/hard\libc_nano.a(lib_a-nano-mallocr.o)
 .debug_frame   0x00000000000044c0       0x3c c:/st/stm32cubeide_1.5.1/stm32cubeide/plugins/com.st.stm32cube.ide.mcu.externaltools.gnu-tools-for-stm32.7-2018-q2-update.win32_1.5.0.202011040924/tools/bin/../lib/gcc/arm-none-eabi/7.3.1/../../../../arm-none-eabi/lib/thumb/v7e-m/fpv4-sp/hard\libc_nano.a(lib_a-nano-reallocr.o)
 .debug_frame   0x00000000000044fc       0x2c c:/st/stm32cubeide_1.5.1/stm32cubeide/plugins/com.st.stm32cube.ide.mcu.externaltools.gnu-tools-for-stm32.7-2018-q2-update.win32_1.5.0.202011040924/tools/bin/../lib/gcc/arm-none-eabi/7.3.1/../../../../arm-none-eabi/lib/thumb/v7e-m/fpv4-sp/hard\libc_nano.a(lib_a-sbrkr.o)
 .debug_frame   0x0000000000004528       0x30 c:/st/stm32cubeide_1.5.1/stm32cubeide/plugins/com.st.stm32cube.ide.mcu.externaltools.gnu-tools-for-stm32.7-2018-q2-update.win32_1.5.0.202011040924/tools/bin/../lib/gcc/arm-none-eabi/7.3.1/../../../../arm-none-eabi/lib/thumb/v7e-m/fpv4-sp/hard\libc_nano.a(lib_a-mlock.o)