stm32f4xx_it.c:115:6:NMI_Handler	4	static
stm32f4xx_it.c:128:6:HardFault_Handler	4	static
stm32f4xx_it.c:143:6:MemManage_Handler	4	static
stm32f4xx_it.c:158:6:BusFault_Handler	4	static
stm32f4xx_it.c:173:6:UsageFault_Handler	4	static
stm32f4xx_it.c:188:6:SVC_Handler	4	static
stm32f4xx_it.c:201:6:DebugMon_Handler	4	static
stm32f4xx_it.c:214:6:PendSV_Handler	4	static
stm32f4xx_it.c:227:6:SysTick_Handler	8	static
stm32f4xx_it.c:248:6:TIM1_BRK_TIM9_IRQHandler	8	static
stm32f4xx_it.c:265:6:TIM2_IRQHandler	8	static
stm32f4xx_it.c:279:6:TIM3_IRQHandler	8	static
stm32f4xx_it.c:293:6:TIM4_IRQHandler	8	static
stm32f4xx_it.c:307:6:TIM8_BRK_TIM12_IRQHandler	8	static
stm32f4xx_it.c:321:6:EXTI0_IRQHandler	8	static
stm32f4xx_it.c:327:6:EXTI1_IRQHandler	8	static
stm32f4xx_it.c:333:6:EXTI2_IRQHandler	8	static
stm32f4xx_it.c:339:6:EXTI3_IRQHandler	8	static
stm32f4xx_it.c:347:6:HAL_GPIO_EXTI_Callback	16	static
stm32f4xx_it.c:518:5:RefreshTIM	16	static
stm32f4xx_it.c:525:6:PhaseRelativelyA	16	static
stm32f4xx_it.c:537:6:sendDataByWiznet	24	static
