stm32f4xx_it.c:110:6:NMI_Handler	4	static
stm32f4xx_it.c:123:6:HardFault_Handler	4	static
stm32f4xx_it.c:138:6:MemManage_Handler	4	static
stm32f4xx_it.c:153:6:BusFault_Handler	4	static
stm32f4xx_it.c:168:6:UsageFault_Handler	4	static
stm32f4xx_it.c:183:6:SVC_Handler	4	static
stm32f4xx_it.c:196:6:DebugMon_Handler	4	static
stm32f4xx_it.c:209:6:PendSV_Handler	4	static
stm32f4xx_it.c:222:6:SysTick_Handler	8	static
stm32f4xx_it.c:243:6:TIM1_BRK_TIM9_IRQHandler	8	static
stm32f4xx_it.c:260:6:TIM2_IRQHandler	8	static
stm32f4xx_it.c:274:6:TIM3_IRQHandler	8	static
stm32f4xx_it.c:288:6:TIM4_IRQHandler	8	static
stm32f4xx_it.c:302:6:TIM8_BRK_TIM12_IRQHandler	8	static
stm32f4xx_it.c:316:6:EXTI0_IRQHandler	8	static
stm32f4xx_it.c:322:6:EXTI1_IRQHandler	8	static
stm32f4xx_it.c:328:6:EXTI2_IRQHandler	8	static
stm32f4xx_it.c:334:6:EXTI3_IRQHandler	8	static
stm32f4xx_it.c:342:6:HAL_GPIO_EXTI_Callback	16	static
stm32f4xx_it.c:490:5:RefreshTIM	16	static
stm32f4xx_it.c:497:6:PhaseRelativelyA	16	static
